root@MT6000:~# dmesg
[    0.000000] Booting Linux on physical CPU 0x0000000000 [0x410fd034]
[    0.000000] Linux version 6.6.50 (ubundesk@ubundesk-B560M) (aarch64-openwrt-linux-musl-gcc (OpenWrt GCC 13.3.0 r27310-90355f8145) 13.3.0, GNU ld (GNU Binutils) 2.42) #0 SMP Tue Sep 10 15:16:10 2024
[    0.000000] Machine model: GL.iNet GL-MT6000
[    0.000000] OF: reserved mem: 0x0000000042ff0000..0x0000000042ffffff (64 KiB) map non-reusable ramoops@42ff0000
[    0.000000] OF: reserved mem: 0x0000000043000000..0x000000004302ffff (192 KiB) nomap non-reusable secmon@43000000
[    0.000000] OF: reserved mem: 0x000000004fc00000..0x000000004fcfffff (1024 KiB) nomap non-reusable wmcpu-reserved@4fc00000
[    0.000000] OF: reserved mem: 0x000000004fd00000..0x000000004fd3ffff (256 KiB) nomap non-reusable wo-emi@4fd00000
[    0.000000] OF: reserved mem: 0x000000004fd40000..0x000000004fd7ffff (256 KiB) nomap non-reusable wo-emi@4fd40000
[    0.000000] OF: reserved mem: 0x000000004fd80000..0x000000004ffbffff (2304 KiB) nomap non-reusable wo-data@4fd80000
[    0.000000] Zone ranges:
[    0.000000]   DMA      [mem 0x0000000040000000-0x000000007fffffff]
[    0.000000]   DMA32    empty
[    0.000000]   Normal   empty
[    0.000000] Movable zone start for each node
[    0.000000] Early memory node ranges
[    0.000000]   node   0: [mem 0x0000000040000000-0x0000000042ffffff]
[    0.000000]   node   0: [mem 0x0000000043000000-0x000000004302ffff]
[    0.000000]   node   0: [mem 0x0000000043030000-0x000000004fbfffff]
[    0.000000]   node   0: [mem 0x000000004fc00000-0x000000004ffbffff]
[    0.000000]   node   0: [mem 0x000000004ffc0000-0x000000007fffffff]
[    0.000000] Initmem setup node 0 [mem 0x0000000040000000-0x000000007fffffff]
[    0.000000] psci: probing for conduit method from DT.
[    0.000000] psci: PSCIv1.1 detected in firmware.
[    0.000000] psci: Using standard PSCI v0.2 function IDs
[    0.000000] psci: MIGRATE_INFO_TYPE not supported.
[    0.000000] psci: SMC Calling Convention v1.2
[    0.000000] percpu: Embedded 18 pages/cpu s34600 r8192 d30936 u73728
[    0.000000] pcpu-alloc: s34600 r8192 d30936 u73728 alloc=18*4096
[    0.000000] pcpu-alloc: [0] 0 [0] 1 [0] 2 [0] 3 
[    0.000000] Detected VIPT I-cache on CPU0
[    0.000000] CPU features: detected: GIC system register CPU interface
[    0.000000] CPU features: kernel page table isolation disabled by kernel configuration
[    0.000000] alternatives: applying boot alternatives
[    0.000000] Kernel command line:  root=PARTLABEL=rootfs rootwait
[    0.000000] Dentry cache hash table entries: 131072 (order: 8, 1048576 bytes, linear)
[    0.000000] Inode-cache hash table entries: 65536 (order: 7, 524288 bytes, linear)
[    0.000000] Built 1 zonelists, mobility grouping on.  Total pages: 258048
[    0.000000] mem auto-init: stack:off, heap alloc:off, heap free:off
[    0.000000] software IO TLB: SWIOTLB bounce buffer size adjusted to 1MB
[    0.000000] software IO TLB: area num 4.
[    0.000000] software IO TLB: mapped [mem 0x000000007fb05000-0x000000007fc05000] (1MB)
[    0.000000] Memory: 1009984K/1048576K available (8704K kernel code, 898K rwdata, 2544K rodata, 448K init, 287K bss, 38592K reserved, 0K cma-reserved)
[    0.000000] SLUB: HWalign=64, Order=0-3, MinObjects=0, CPUs=4, Nodes=1
[    0.000000] rcu: Hierarchical RCU implementation.
[    0.000000] 	Tracing variant of Tasks RCU enabled.
[    0.000000] rcu: RCU calculated value of scheduler-enlistment delay is 10 jiffies.
[    0.000000] NR_IRQS: 64, nr_irqs: 64, preallocated irqs: 0
[    0.000000] GICv3: GIC: Using split EOI/Deactivate mode
[    0.000000] GICv3: 640 SPIs implemented
[    0.000000] GICv3: 0 Extended SPIs implemented
[    0.000000] Root IRQ handler: gic_handle_irq
[    0.000000] GICv3: GICv3 features: 16 PPIs
[    0.000000] GICv3: CPU0: found redistributor 0 region 0:0x000000000c080000
[    0.000000] rcu: srcu_init: Setting srcu_struct sizes based on contention.
[    0.000000] arch_timer: cp15 timer(s) running at 13.00MHz (phys).
[    0.000000] clocksource: arch_sys_counter: mask: 0xffffffffffffff max_cycles: 0x2ff89eacb, max_idle_ns: 440795202429 ns
[    0.000000] sched_clock: 56 bits at 13MHz, resolution 76ns, wraps every 4398046511101ns
[    0.000059] Calibrating delay loop (skipped), value calculated using timer frequency.. 26.00 BogoMIPS (lpj=130000)
[    0.000066] pid_max: default: 32768 minimum: 301
[    0.002065] Mount-cache hash table entries: 2048 (order: 2, 16384 bytes, linear)
[    0.002073] Mountpoint-cache hash table entries: 2048 (order: 2, 16384 bytes, linear)
[    0.003623] cacheinfo: Unable to detect cache hierarchy for CPU 0
[    0.004006] RCU Tasks Trace: Setting shift to 2 and lim to 1 rcu_task_cb_adjust=1.
[    0.004113] rcu: Hierarchical SRCU implementation.
[    0.004114] rcu: 	Max phase no-delay instances is 1000.
[    0.004418] smp: Bringing up secondary CPUs ...
[    0.004674] Detected VIPT I-cache on CPU1
[    0.004710] GICv3: CPU1: found redistributor 1 region 0:0x000000000c0a0000
[    0.004737] CPU1: Booted secondary processor 0x0000000001 [0x410fd034]
[    0.005026] Detected VIPT I-cache on CPU2
[    0.005046] GICv3: CPU2: found redistributor 2 region 0:0x000000000c0c0000
[    0.005059] CPU2: Booted secondary processor 0x0000000002 [0x410fd034]
[    0.005319] Detected VIPT I-cache on CPU3
[    0.005334] GICv3: CPU3: found redistributor 3 region 0:0x000000000c0e0000
[    0.005344] CPU3: Booted secondary processor 0x0000000003 [0x410fd034]
[    0.005371] smp: Brought up 1 node, 4 CPUs
[    0.005375] SMP: Total of 4 processors activated.
[    0.005378] CPU features: detected: 32-bit EL0 Support
[    0.005380] CPU features: detected: CRC32 instructions
[    0.005407] CPU features: emulated: Privileged Access Never (PAN) using TTBR0_EL1 switching
[    0.005410] CPU: All CPU(s) started at EL2
[    0.005412] alternatives: applying system-wide alternatives
[    0.008135] clocksource: jiffies: mask: 0xffffffff max_cycles: 0xffffffff, max_idle_ns: 19112604462750000 ns
[    0.008152] futex hash table entries: 1024 (order: 4, 65536 bytes, linear)
[    0.009025] pinctrl core: initialized pinctrl subsystem
[    0.009678] NET: Registered PF_NETLINK/PF_ROUTE protocol family
[    0.010209] DMA: preallocated 128 KiB GFP_KERNEL pool for atomic allocations
[    0.010228] DMA: preallocated 128 KiB GFP_KERNEL|GFP_DMA pool for atomic allocations
[    0.010244] DMA: preallocated 128 KiB GFP_KERNEL|GFP_DMA32 pool for atomic allocations
[    0.010537] thermal_sys: Registered thermal governor 'fair_share'
[    0.010540] thermal_sys: Registered thermal governor 'bang_bang'
[    0.010542] thermal_sys: Registered thermal governor 'step_wise'
[    0.010543] thermal_sys: Registered thermal governor 'user_space'
[    0.010589] ASID allocator initialised with 65536 entries
[    0.011338] pstore: Using crash dump compression: deflate
[    0.011342] pstore: Registered ramoops as persistent store backend
[    0.011343] ramoops: using 0x10000@0x42ff0000, ecc: 0
[    0.016858] Modules: 29504 pages in range for non-PLT usage
[    0.016866] Modules: 521024 pages in range for PLT usage
[    0.017787] cryptd: max_cpu_qlen set to 1000
[    0.019285] SCSI subsystem initialized
[    0.019499] libata version 3.00 loaded.
[    0.020569] clocksource: Switched to clocksource arch_sys_counter
[    0.022243] NET: Registered PF_INET protocol family
[    0.022332] IP idents hash table entries: 16384 (order: 5, 131072 bytes, linear)
[    0.023346] tcp_listen_portaddr_hash hash table entries: 512 (order: 1, 8192 bytes, linear)
[    0.023358] Table-perturb hash table entries: 65536 (order: 6, 262144 bytes, linear)
[    0.023365] TCP established hash table entries: 8192 (order: 4, 65536 bytes, linear)
[    0.023402] TCP bind hash table entries: 8192 (order: 6, 262144 bytes, linear)
[    0.023566] TCP: Hash tables configured (established 8192 bind 8192)
[    0.023639] UDP hash table entries: 512 (order: 2, 16384 bytes, linear)
[    0.023655] UDP-Lite hash table entries: 512 (order: 2, 16384 bytes, linear)
[    0.023808] NET: Registered PF_UNIX/PF_LOCAL protocol family
[    0.023831] PCI: CLS 0 bytes, default 64
[    0.024711] workingset: timestamp_bits=46 max_order=18 bucket_order=0
[    0.028005] squashfs: version 4.0 (2009/01/31) Phillip Lougher
[    0.028009] jffs2: version 2.2 (NAND) (SUMMARY) (LZMA) (RTIME) (CMODE_PRIORITY) (c) 2001-2006 Red Hat, Inc.
[    0.053521] Serial: 8250/16550 driver, 3 ports, IRQ sharing disabled
[    0.054498] printk: console [ttyS0] disabled
[    0.074815] 11002000.serial: ttyS0 at MMIO 0x11002000 (irq = 116, base_baud = 2500000) is a ST16650V2
[    0.074854] printk: console [ttyS0] enabled
[    0.836328] mtk_rng 1020f000.rng: registered RNG driver
[    0.844387] loop: module loaded
[    0.972218] i2c_dev: i2c /dev entries driver
[    0.977805] mtk-wdt 1001c000.watchdog: Watchdog enabled (timeout=31 sec, nowayout=0)
[    0.986605] NET: Registered PF_INET6 protocol family
[    0.992280] Segment Routing with IPv6
[    0.995954] In-situ OAM (IOAM) with IPv6
[    0.999897] NET: Registered PF_PACKET protocol family
[    1.005021] 8021q: 802.1Q VLAN Support v1.8
[    1.068978] mtk-msdc 11230000.mmc: Final PAD_DS_TUNE: 0x14014
[    1.074954] mmc0: new HS400 MMC card at address 0001
[    1.080963] mmcblk0: mmc0:0001 8GTF4R 7.28 GiB
[    1.086446] GPT:Primary header thinks Alt. header is not at the end of the disk.
[    1.093845] GPT:1 != 15269887
[    1.096797] GPT:Alternate GPT header not at the end of the disk.
[    1.102784] GPT:1 != 15269887
[    1.105735] GPT: Use GNU Parted to correct GPT errors.
[    1.110940]  mmcblk0: p1 p2 p3 p4 p5 p6 p7
[    1.116209] mmcblk0boot0: mmc0:0001 8GTF4R 4.00 MiB
[    1.121928] mmcblk0boot1: mmc0:0001 8GTF4R 4.00 MiB
[    1.127039] mmcblk0rpmb: mmc0:0001 8GTF4R 512 KiB, chardev (251:0)
[    1.883536] mtk_soc_eth 15100000.ethernet eth0: mediatek frame engine at 0xffffffc081c00000, irq 119
[    1.893464] mtk_soc_eth 15100000.ethernet eth1: mediatek frame engine at 0xffffffc081c00000, irq 119
[    2.001074] mt7530-mdio mdio-bus:1f: configuring for fixed/2500base-x link mode
[    2.010029] mt7530-mdio mdio-bus:1f: Link is Up - 2.5Gbps/Full - flow control rx/tx
[    2.020760] mt7530-mdio mdio-bus:1f lan2 (uninitialized): PHY [mt7530-0:00] driver [MediaTek MT7531 PHY] (irq=124)
[    2.042939] mt7530-mdio mdio-bus:1f lan3 (uninitialized): PHY [mt7530-0:01] driver [MediaTek MT7531 PHY] (irq=125)
[    2.064815] mt7530-mdio mdio-bus:1f lan4 (uninitialized): PHY [mt7530-0:02] driver [MediaTek MT7531 PHY] (irq=126)
[    2.086724] mt7530-mdio mdio-bus:1f lan5 (uninitialized): PHY [mt7530-0:03] driver [MediaTek MT7531 PHY] (irq=127)
[    2.330733] mt7530-mdio mdio-bus:1f lan1 (uninitialized): PHY [mdio-bus:07] driver [RTL8221B-VB-CG 2.5Gbps PHY (C45)] (irq=62)
[    2.342864] mtk_soc_eth 15100000.ethernet eth0: entered promiscuous mode
[    2.349576] DSA: tree 0 setup
[    2.352767] clk: Disabling unused clocks
[    2.359240] VFS: Mounted root (squashfs filesystem) readonly on device 179:7.
[    2.366551] Freeing unused kernel memory: 448K
[    2.371029] Run /sbin/init as init process
[    2.375108]   with arguments:
[    2.378059]     /sbin/init
[    2.380753]   with environment:
[    2.383877]     HOME=/
[    2.386221]     TERM=linux
[    2.480791] init: Console is alive
[    2.484291] init: - watchdog -
[    2.828634] kmodloader: loading kernel modules from /etc/modules-boot.d/*
[    2.850253] usbcore: registered new interface driver usbfs
[    2.855804] usbcore: registered new interface driver hub
[    2.861135] usbcore: registered new device driver usb
[    2.871300] gpio_button_hotplug: loading out-of-tree module taints kernel.
[    2.883472] xhci-mtk 11200000.usb: xHCI Host Controller
[    2.888711] xhci-mtk 11200000.usb: new USB bus registered, assigned bus number 1
[    2.899168] xhci-mtk 11200000.usb: hcc params 0x01403f99 hci version 0x110 quirks 0x0000000000200010
[    2.908348] xhci-mtk 11200000.usb: irq 128, io mem 0x11200000
[    2.914174] xhci-mtk 11200000.usb: xHCI Host Controller
[    2.919385] xhci-mtk 11200000.usb: new USB bus registered, assigned bus number 2
[    2.926768] xhci-mtk 11200000.usb: Host supports USB 3.2 Enhanced SuperSpeed
[    2.934181] hub 1-0:1.0: USB hub found
[    2.937937] hub 1-0:1.0: 2 ports detected
[    2.942262] usb usb2: We don't know the algorithms for LPM for this host, disabling LPM.
[    2.950676] hub 2-0:1.0: USB hub found
[    2.954498] hub 2-0:1.0: 1 port detected
[    2.963167] usbcore: registered new interface driver usb-storage
[    2.969368] kmodloader: done loading kernel modules from /etc/modules-boot.d/*
[    2.984836] init: - preinit -
[    3.266240] mtk_soc_eth 15100000.ethernet eth0: configuring for fixed/2500base-x link mode
[    3.274735] mtk_soc_eth 15100000.ethernet eth0: Link is Up - 2.5Gbps/Full - flow control rx/tx
[    3.292872] mt7530-mdio mdio-bus:1f lan1: configuring for phy/2500base-x link mode
[    3.420624] usb 1-2: new high-speed USB device number 2 using xhci-mtk
[    3.625431] hub 1-2:1.0: USB hub found
[    3.633197] hub 1-2:1.0: 4 ports detected
[    4.690574] usb 1-2.3: new high-speed USB device number 3 using xhci-mtk
[    4.887601] usb-storage 1-2.3:1.0: USB Mass Storage device detected
[    4.894226] scsi host0: usb-storage 1-2.3:1.0
[    5.040573] usb 1-2.4: new high-speed USB device number 4 using xhci-mtk
[    5.538299] loop0: detected capacity change from 0 to 15178752
[    5.590583] loop0: detected capacity change from 15178752 to 15150848
[    5.662597] F2FS-fs (loop0): Mounted with checkpoint version = 30a3e896
[    5.669745] mount_root: switching to f2fs overlay
[    5.675120] overlayfs: null uuid detected in lower fs '/', falling back to xino=off,index=off,nfs_export=off.
[    5.686263] urandom-seed: Seeding with /etc/urandom.seed
[    5.725530] random: procd: uninitialized urandom read (4 bytes read)
[    5.733171] procd: - early -
[    5.736096] procd: - watchdog -
[    5.911562] scsi 0:0:0:0: Direct-Access     Kingston DataTraveler 3.0      PQ: 0 ANSI: 6
[    5.921527] sd 0:0:0:0: [sda] 60437492 512-byte logical blocks: (30.9 GB/28.8 GiB)
[    5.929400] sd 0:0:0:0: [sda] Write Protect is off
[    5.934265] sd 0:0:0:0: [sda] Mode Sense: 4f 00 00 00
[    5.939599] sd 0:0:0:0: [sda] Write cache: disabled, read cache: enabled, doesn't support DPO or FUA
[    5.952511]  sda: sda1
[    5.955144] sd 0:0:0:0: [sda] Attached SCSI removable disk
[    6.454959] procd: - watchdog -
[    6.471110] procd: - ubus -
[    7.114477] F2FS-fs (sda1): Mounted with checkpoint version = 61809e40
[   11.350808] random: crng init done
[   11.355561] procd: - init -
[   11.565359] kmodloader: loading kernel modules from /etc/modules.d/*
[   11.593016] tun: Universal TUN/TAP device driver, 1.6
[   11.603234] cryptodev: driver 1.13 loaded.
[   11.608253] GACT probability on
[   11.611970] Mirror/redirect action on
[   11.618763] u32 classifier
[   11.621493]     input device check on
[   11.625138]     Actions configured
[   11.633441] Simple TC action Loaded
[   11.645111] ntfs3: Enabled Linux POSIX ACLs support
[   11.652246] crypto-safexcel 10320000.crypto: EIP97:230(0,1,4,4)-HIA:270(0,5,5),PE:150/433(alg:7fcdfc00)/0/0/0
[   11.667878] Loading modules backported from Linux version v6.9.9-0-g28fdf4518483
[   11.675291] Backport generated by backports.git v6.1.97-1-29-gf1d24a3683b2
[   11.699499] xt_time: kernel timezone is -0000
[   11.720785] urngd: v1.0.2 started.
[   14.084341] mt798x-wmac 18000000.wifi: HW/SW Version: 0x8a108a10, Build Time: 20240823160656a
[   14.084341] 
[   14.189191] mt798x-wmac 18000000.wifi: WM Firmware Version: ____000000, Build Time: 20240823160721
[   14.273900] mt798x-wmac 18000000.wifi: WA Firmware Version: DEV_000000, Build Time: 20240823160840
[   14.422964] mt798x-wmac 18000000.wifi: registering led 'mt76-phy0'
[   14.461858] mt798x-wmac 18000000.wifi: registering led 'mt76-phy1'
[   18.290304] wireguard: WireGuard 1.0.0 loaded. See www.wireguard.com for information.
[   18.298145] wireguard: Copyright (C) 2015-2019 Jason A. Donenfeld <Jason@zx2c4.com>. All Rights Reserved.
[   18.312407] rtl8192cu: Chip version 0x11
[   18.364559] rtl8192cu: Board Type 0
[   18.368107] rtl_usb: rx_max_size 15360, rx_urb_num 8, in_ep 1
[   18.373892] rtl8192cu: Loading firmware rtlwifi/rtl8192cufw_TMSC.bin
[   18.380514] ieee80211 phy2: Selected rate control algorithm 'rtl_rc'
[   18.387265] usbcore: registered new interface driver rtl8192cu
[   18.393593] kmodloader: done loading kernel modules from /etc/modules.d/*
[   21.401562] mtk_soc_eth 15100000.ethernet eth0: Link is Down
[   21.419101] mtk_soc_eth 15100000.ethernet eth0: configuring for fixed/2500base-x link mode
[   21.427586] mtk_soc_eth 15100000.ethernet eth0: Link is Up - 2.5Gbps/Full - flow control rx/tx
[   21.429883] mt7530-mdio mdio-bus:1f lan1: configuring for phy/2500base-x link mode
[   21.491546] br-lan: port 1(lan1) entered blocking state
[   21.496780] br-lan: port 1(lan1) entered disabled state
[   21.502091] mt7530-mdio mdio-bus:1f lan1: entered allmulticast mode
[   21.508357] mtk_soc_eth 15100000.ethernet eth0: entered allmulticast mode
[   21.517908] mt7530-mdio mdio-bus:1f lan1: entered promiscuous mode
[   21.535904] mt7530-mdio mdio-bus:1f lan2: configuring for phy/gmii link mode
[   22.050829] MediaTek MT7531 PHY mt7530-0:00: extend_an_new_lp_cnt_limit: Training Indicator: 0x8050
[   22.059868] MediaTek MT7531 PHY mt7530-0:00: mtk_gphy_cl22_read_status: counter limit ret: 0
[   22.068316] br-lan: port 2(lan2) entered blocking state
[   22.073535] br-lan: port 2(lan2) entered disabled state
[   22.078776] mt7530-mdio mdio-bus:1f lan2: entered allmulticast mode
[   22.086650] mt7530-mdio mdio-bus:1f lan2: entered promiscuous mode
[   22.101635] mt7530-mdio mdio-bus:1f lan3: configuring for phy/gmii link mode
[   22.622660] MediaTek MT7531 PHY mt7530-0:01: extend_an_new_lp_cnt_limit: Training Indicator: 0x8050
[   22.631797] MediaTek MT7531 PHY mt7530-0:01: mtk_gphy_cl22_read_status: counter limit ret: 0
[   22.640272] br-lan: port 3(lan3) entered blocking state
[   22.645566] br-lan: port 3(lan3) entered disabled state
[   22.650881] mt7530-mdio mdio-bus:1f lan3: entered allmulticast mode
[   22.659039] mt7530-mdio mdio-bus:1f lan3: entered promiscuous mode
[   22.675597] mt7530-mdio mdio-bus:1f lan4: configuring for phy/gmii link mode
[   23.191851] MediaTek MT7531 PHY mt7530-0:02: extend_an_new_lp_cnt_limit: Training Indicator: 0x8010
[   23.200893] MediaTek MT7531 PHY mt7530-0:02: mtk_gphy_cl22_read_status: counter limit ret: 0
[   23.209329] br-lan: port 4(lan4) entered blocking state
[   23.214547] br-lan: port 4(lan4) entered disabled state
[   23.219786] mt7530-mdio mdio-bus:1f lan4: entered allmulticast mode
[   23.228021] mt7530-mdio mdio-bus:1f lan4: entered promiscuous mode
[   23.243734] mt7530-mdio mdio-bus:1f lan5: configuring for phy/gmii link mode
[   23.436617] mt7530-mdio mdio-bus:1f lan1: Link is Up - 2.5Gbps/Full - flow control rx/tx
[   23.763640] MediaTek MT7531 PHY mt7530-0:03: extend_an_new_lp_cnt_limit: Training Indicator: 0x8010
[   23.772669] MediaTek MT7531 PHY mt7530-0:03: mtk_gphy_cl22_read_status: counter limit ret: 0
[   23.781107] br-lan: port 5(lan5) entered blocking state
[   23.786315] br-lan: port 5(lan5) entered disabled state
[   23.791560] mt7530-mdio mdio-bus:1f lan5: entered allmulticast mode
[   23.799948] mt7530-mdio mdio-bus:1f lan5: entered promiscuous mode
[   23.807097] br-lan: port 1(lan1) entered blocking state
[   23.812314] br-lan: port 1(lan1) entered forwarding state
[   24.060644] mtk_soc_eth 15100000.ethernet eth1: PHY [mdio-bus:01] driver [RTL8221B-VB-CG 2.5Gbps PHY (C45)] (irq=61)
[   24.071446] mtk_soc_eth 15100000.ethernet eth1: configuring for phy/2500base-x link mode
[   24.116533] mt7530-mdio mdio-bus:1f lan1: Link is Down
[   24.132303] br-lan: port 1(lan1) entered disabled state
[   24.283794] mt7530-mdio mdio-bus:1f lan4: Link is Up - 100Mbps/Full - flow control rx/tx
[   24.664667] MediaTek MT7531 PHY mt7530-0:00: extend_an_new_lp_cnt_limit: Training Indicator: 0x50
[   24.673540] MediaTek MT7531 PHY mt7530-0:00: mtk_gphy_cl22_read_status: counter limit ret: 0
[   25.192875] MediaTek MT7531 PHY mt7530-0:00: extend_an_new_lp_cnt_limit: Training Indicator: 0x50
[   25.201751] MediaTek MT7531 PHY mt7530-0:00: mtk_gphy_cl22_read_status: counter limit ret: 0
[   25.634299] mt7530-mdio mdio-bus:1f lan3: Link is Up - 1Gbps/Full - flow control rx/tx
[   25.714925] MediaTek MT7531 PHY mt7530-0:00: extend_an_new_lp_cnt_limit: Training Indicator: 0x150
[   25.723866] MediaTek MT7531 PHY mt7530-0:00: mtk_gphy_cl22_read_status: counter limit ret: 0
[   25.733221] br-lan: port 4(lan4) entered blocking state
[   25.738456] br-lan: port 4(lan4) entered forwarding state
[   25.744071] br-lan: port 3(lan3) entered blocking state
[   25.749300] br-lan: port 3(lan3) entered forwarding state
[   26.274670] MediaTek MT7531 PHY mt7530-0:00: extend_an_new_lp_cnt_limit: Training Indicator: 0x50
[   26.283541] MediaTek MT7531 PHY mt7530-0:00: mtk_gphy_cl22_read_status: counter limit ret: 0
[   26.802627] MediaTek MT7531 PHY mt7530-0:00: extend_an_new_lp_cnt_limit: Training Indicator: 0x50
[   26.811541] MediaTek MT7531 PHY mt7530-0:00: mtk_gphy_cl22_read_status: counter limit ret: 0
[   26.844822] mt7530-mdio mdio-bus:1f lan5: Link is Up - 1Gbps/Full - flow control rx/tx
[   27.056572] mtk_soc_eth 15100000.ethernet eth1: Link is Up - 1Gbps/Full - flow control rx/tx
[   27.334665] MediaTek MT7531 PHY mt7530-0:00: extend_an_new_lp_cnt_limit: Training Indicator: 0x50
[   27.343529] MediaTek MT7531 PHY mt7530-0:00: mtk_gphy_cl22_read_status: counter limit ret: 0
[   27.352049] br-lan: port 5(lan5) entered blocking state
[   27.357264] br-lan: port 5(lan5) entered forwarding state
[   27.608956] mt7530-mdio mdio-bus:1f lan1: Link is Up - 2.5Gbps/Full - flow control rx/tx
[   27.872614] MediaTek MT7531 PHY mt7530-0:00: extend_an_new_lp_cnt_limit: Training Indicator: 0x50
[   27.881482] MediaTek MT7531 PHY mt7530-0:00: mtk_gphy_cl22_read_status: counter limit ret: 0
[   27.891037] br-lan: port 1(lan1) entered blocking state
[   27.896266] br-lan: port 1(lan1) entered forwarding state
[   28.412662] MediaTek MT7531 PHY mt7530-0:00: extend_an_new_lp_cnt_limit: Training Indicator: 0x50
[   28.421541] MediaTek MT7531 PHY mt7530-0:00: mtk_gphy_cl22_read_status: counter limit ret: 0
[   28.944669] MediaTek MT7531 PHY mt7530-0:01: extend_an_new_lp_cnt_limit: Training Indicator: 0x8050
[   28.953719] MediaTek MT7531 PHY mt7530-0:01: mtk_gphy_cl22_read_status: counter limit ret: 0
[   28.962334] mt7530-mdio mdio-bus:1f lan3: Link is Down
[   28.967701] br-lan: port 3(lan3) entered disabled state
[   29.472617] MediaTek MT7531 PHY mt7530-0:01: extend_an_new_lp_cnt_limit: Training Indicator: 0x8050
[   29.481661] MediaTek MT7531 PHY mt7530-0:01: mtk_gphy_cl22_read_status: counter limit ret: 0
[   30.003640] MediaTek MT7531 PHY mt7530-0:01: extend_an_new_lp_cnt_limit: Training Indicator: 0x8050
[   30.012679] MediaTek MT7531 PHY mt7530-0:01: mtk_gphy_cl22_read_status: counter limit ret: 0
[   30.532614] MediaTek MT7531 PHY mt7530-0:01: extend_an_new_lp_cnt_limit: Training Indicator: 0x8050
[   30.541660] MediaTek MT7531 PHY mt7530-0:01: mtk_gphy_cl22_read_status: counter limit ret: 0
[   30.930700] mt7530-mdio mdio-bus:1f lan2: Link is Up - 1Gbps/Full - flow control rx/tx
[   31.064659] MediaTek MT7531 PHY mt7530-0:01: extend_an_new_lp_cnt_limit: Training Indicator: 0x8050
[   31.073694] MediaTek MT7531 PHY mt7530-0:01: mtk_gphy_cl22_read_status: counter limit ret: 0
[   31.088750] br-lan: port 2(lan2) entered blocking state
[   31.094020] br-lan: port 2(lan2) entered forwarding state
[   31.213637] MediaTek MT7531 PHY mt7530-0:03: extend_an_new_lp_cnt_limit: Training Indicator: 0x10
[   31.222546] MediaTek MT7531 PHY mt7530-0:03: mtk_gphy_cl22_read_status: counter limit ret: 0
[   31.231261] mt7530-mdio mdio-bus:1f lan5: Link is Down
[   31.610827] MediaTek MT7531 PHY mt7530-0:01: extend_an_new_lp_cnt_limit: Training Indicator: 0x8050
[   31.619862] MediaTek MT7531 PHY mt7530-0:01: mtk_gphy_cl22_read_status: counter limit ret: 0
[   31.637028] br-lan: port 5(lan5) entered disabled state
[   32.143645] MediaTek MT7531 PHY mt7530-0:01: extend_an_new_lp_cnt_limit: Training Indicator: 0x8050
[   32.152693] MediaTek MT7531 PHY mt7530-0:01: mtk_gphy_cl22_read_status: counter limit ret: 0
[   32.672615] MediaTek MT7531 PHY mt7530-0:01: extend_an_new_lp_cnt_limit: Training Indicator: 0x8050
[   32.681655] MediaTek MT7531 PHY mt7530-0:01: mtk_gphy_cl22_read_status: counter limit ret: 0
[   33.206723] MediaTek MT7531 PHY mt7530-0:02: extend_an_new_lp_cnt_limit: Training Indicator: 0x8010
[   33.213654] MediaTek MT7531 PHY mt7530-0:01: extend_an_new_lp_cnt_limit: Training Indicator: 0x8050
[   33.215769] MediaTek MT7531 PHY mt7530-0:02: mtk_gphy_cl22_read_status: counter limit ret: 0
[   33.224784] MediaTek MT7531 PHY mt7530-0:01: mtk_gphy_cl22_read_status: counter limit ret: 0
[   33.245591] mt7530-mdio mdio-bus:1f lan4: Link is Down
[   33.249349] mt7530-mdio mdio-bus:1f lan5: Link is Up - 10Mbps/Full - flow control rx/tx
[   33.752635] MediaTek MT7531 PHY mt7530-0:02: extend_an_new_lp_cnt_limit: Training Indicator: 0x8010
[   33.761667] MediaTek MT7531 PHY mt7530-0:02: mtk_gphy_cl22_read_status: counter limit ret: 0
[   34.284669] MediaTek MT7531 PHY mt7530-0:02: extend_an_new_lp_cnt_limit: Training Indicator: 0x8010
[   34.293715] MediaTek MT7531 PHY mt7530-0:02: mtk_gphy_cl22_read_status: counter limit ret: 0
[   34.809039] MediaTek MT7531 PHY mt7530-0:02: extend_an_new_lp_cnt_limit: Training Indicator: 0x8010
[   34.818085] MediaTek MT7531 PHY mt7530-0:02: mtk_gphy_cl22_read_status: counter limit ret: 0
[   34.826598] br-lan: port 4(lan4) entered disabled state
[   34.831896] br-lan: port 5(lan5) entered blocking state
[   34.837116] br-lan: port 5(lan5) entered forwarding state
[   35.356721] MediaTek MT7531 PHY mt7530-0:02: extend_an_new_lp_cnt_limit: Training Indicator: 0x8010
[   35.365768] MediaTek MT7531 PHY mt7530-0:02: mtk_gphy_cl22_read_status: counter limit ret: 0
[   35.416841] mt7530-mdio mdio-bus:1f lan3: Link is Up - 1Gbps/Full - flow control rx/tx
[   35.880823] MediaTek MT7531 PHY mt7530-0:02: extend_an_new_lp_cnt_limit: Training Indicator: 0x50
[   35.889674] MediaTek MT7531 PHY mt7530-0:02: mtk_gphy_cl22_read_status: counter limit ret: 0
[   36.413005] MediaTek MT7531 PHY mt7530-0:02: extend_an_new_lp_cnt_limit: Training Indicator: 0x10
[   36.421875] MediaTek MT7531 PHY mt7530-0:02: mtk_gphy_cl22_read_status: counter limit ret: 0
[   36.941846] MediaTek MT7531 PHY mt7530-0:02: extend_an_new_lp_cnt_limit: Training Indicator: 0x10
[   36.950705] MediaTek MT7531 PHY mt7530-0:02: mtk_gphy_cl22_read_status: counter limit ret: 0
[   36.959184] br-lan: port 3(lan3) entered blocking state
[   36.964428] br-lan: port 3(lan3) entered forwarding state
[   37.487756] MediaTek MT7531 PHY mt7530-0:03: extend_an_new_lp_cnt_limit: Training Indicator: 0x10
[   37.492091] MediaTek MT7531 PHY mt7530-0:02: extend_an_new_lp_cnt_limit: Training Indicator: 0x10
[   37.496626] MediaTek MT7531 PHY mt7530-0:03: mtk_gphy_cl22_read_status: counter limit ret: 0
[   37.505468] MediaTek MT7531 PHY mt7530-0:02: mtk_gphy_cl22_read_status: counter limit ret: 0
[   37.514082] mt7530-mdio mdio-bus:1f lan5: Link is Down
[   38.027498] MediaTek MT7531 PHY mt7530-0:03: extend_an_new_lp_cnt_limit: Training Indicator: 0x10
[   38.036362] MediaTek MT7531 PHY mt7530-0:03: mtk_gphy_cl22_read_status: counter limit ret: 0
[   38.557241] MediaTek MT7531 PHY mt7530-0:03: extend_an_new_lp_cnt_limit: Training Indicator: 0x10
[   38.566105] MediaTek MT7531 PHY mt7530-0:03: mtk_gphy_cl22_read_status: counter limit ret: 0
[   39.083131] MediaTek MT7531 PHY mt7530-0:03: extend_an_new_lp_cnt_limit: Training Indicator: 0x10
[   39.092000] MediaTek MT7531 PHY mt7530-0:03: mtk_gphy_cl22_read_status: counter limit ret: 0
[   39.100493] br-lan: port 5(lan5) entered disabled state
[   39.490041] mt7530-mdio mdio-bus:1f lan4: Link is Up - 100Mbps/Full - flow control rx/tx
[   39.619605] MediaTek MT7531 PHY mt7530-0:03: extend_an_new_lp_cnt_limit: Training Indicator: 0x10
[   39.628467] MediaTek MT7531 PHY mt7530-0:03: mtk_gphy_cl22_read_status: counter limit ret: 0
[   40.145696] MediaTek MT7531 PHY mt7530-0:03: extend_an_new_lp_cnt_limit: Training Indicator: 0x10
[   40.154567] MediaTek MT7531 PHY mt7530-0:03: mtk_gphy_cl22_read_status: counter limit ret: 0
[   40.679807] MediaTek MT7531 PHY mt7530-0:03: extend_an_new_lp_cnt_limit: Training Indicator: 0x132
[   40.688768] MediaTek MT7531 PHY mt7530-0:03: mtk_gphy_cl22_read_status: counter limit ret: 0
[   40.697261] br-lan: port 4(lan4) entered blocking state
[   40.702477] br-lan: port 4(lan4) entered forwarding state
[   41.206719] MediaTek MT7531 PHY mt7530-0:03: extend_an_new_lp_cnt_limit: Training Indicator: 0x3b2
[   41.215668] MediaTek MT7531 PHY mt7530-0:03: mtk_gphy_cl22_read_status: counter limit ret: 0
[   41.737244] MediaTek MT7531 PHY mt7530-0:03: extend_an_new_lp_cnt_limit: Training Indicator: 0x10
[   41.746116] MediaTek MT7531 PHY mt7530-0:03: mtk_gphy_cl22_read_status: counter limit ret: 0
[   41.758394] rtl8192cu: MAC auto ON okay!
[   41.783629] rtl8192cu: Tx queue select: 0x05
[   42.175190] mtk_soc_eth 15100000.ethernet eth1: Link is Down
[   42.263648] MediaTek MT7531 PHY mt7530-0:03: extend_an_new_lp_cnt_limit: Training Indicator: 0x10
[   42.272585] MediaTek MT7531 PHY mt7530-0:03: mtk_gphy_cl22_read_status: counter limit ret: 0
[   42.703904] MediaTek MT7531 PHY mt7530-0:00: extend_an_new_lp_cnt_limit: Training Indicator: 0x8050
[   42.712950] MediaTek MT7531 PHY mt7530-0:00: mtk_gphy_cl22_read_status: counter limit ret: 0
[   42.721572] mt7530-mdio mdio-bus:1f lan2: Link is Down
[   43.230829] MediaTek MT7531 PHY mt7530-0:00: extend_an_new_lp_cnt_limit: Training Indicator: 0x8050
[   43.239868] MediaTek MT7531 PHY mt7530-0:00: mtk_gphy_cl22_read_status: counter limit ret: 0
[   43.248386] br-lan: port 2(lan2) entered disabled state
[   43.552718] mt7530-mdio mdio-bus:1f lan5: Link is Up - 10Mbps/Full - flow control rx/tx
[   43.760510] MediaTek MT7531 PHY mt7530-0:00: extend_an_new_lp_cnt_limit: Training Indicator: 0x8050
[   43.769570] MediaTek MT7531 PHY mt7530-0:00: mtk_gphy_cl22_read_status: counter limit ret: 0
[   44.287748] MediaTek MT7531 PHY mt7530-0:01: extend_an_new_lp_cnt_limit: Training Indicator: 0x8050
[   44.296791] MediaTek MT7531 PHY mt7530-0:01: mtk_gphy_cl22_read_status: counter limit ret: 0
[   44.305386] br-lan: port 5(lan5) entered blocking state
[   44.305400] mt7530-mdio mdio-bus:1f lan3: Link is Down
[   44.310603] br-lan: port 5(lan5) entered forwarding state
[   44.321231] br-lan: port 3(lan3) entered disabled state
[   44.809910] MediaTek MT7531 PHY mt7530-0:01: extend_an_new_lp_cnt_limit: Training Indicator: 0x8050
[   44.818946] MediaTek MT7531 PHY mt7530-0:01: mtk_gphy_cl22_read_status: counter limit ret: 0
[   45.344669] MediaTek MT7531 PHY mt7530-0:01: extend_an_new_lp_cnt_limit: Training Indicator: 0x8050
[   45.349787] MediaTek MT7531 PHY mt7530-0:02: extend_an_new_lp_cnt_limit: Training Indicator: 0x8010
[   45.353709] MediaTek MT7531 PHY mt7530-0:01: mtk_gphy_cl22_read_status: counter limit ret: 0
[   45.362730] MediaTek MT7531 PHY mt7530-0:02: mtk_gphy_cl22_read_status: counter limit ret: 0
[   45.362941] mt7530-mdio mdio-bus:1f lan4: Link is Down
[   45.366345] mtk_soc_eth 15100000.ethernet eth1: Link is Up - 1Gbps/Full - flow control rx/tx
[   45.877555] MediaTek MT7531 PHY mt7530-0:02: extend_an_new_lp_cnt_limit: Training Indicator: 0x8010
[   45.886593] MediaTek MT7531 PHY mt7530-0:02: mtk_gphy_cl22_read_status: counter limit ret: 0
[   45.888633] MediaTek MT7531 PHY mt7530-0:03: extend_an_new_lp_cnt_limit: Training Indicator: 0x10
[   45.903859] MediaTek MT7531 PHY mt7530-0:03: mtk_gphy_cl22_read_status: counter limit ret: 0
[   45.912481] mt7530-mdio mdio-bus:1f lan5: Link is Down
[   45.919436] br-lan: port 4(lan4) entered disabled state
[   45.925054] br-lan: port 5(lan5) entered disabled state
[   46.205818] mt7530-mdio mdio-bus:1f lan2: Link is Up - 1Gbps/Full - flow control rx/tx
[   46.422615] MediaTek MT7531 PHY mt7530-0:03: extend_an_new_lp_cnt_limit: Training Indicator: 0x10
[   46.431482] MediaTek MT7531 PHY mt7530-0:03: mtk_gphy_cl22_read_status: counter limit ret: 0
[   46.439998] br-lan: port 2(lan2) entered blocking state
[   46.445215] br-lan: port 2(lan2) entered forwarding state
[   46.699043] br-lan: port 6(phy0-ap0) entered blocking state
[   46.704719] br-lan: port 6(phy0-ap0) entered disabled state
[   46.710336] mt798x-wmac 18000000.wifi phy0-ap0: entered allmulticast mode
[   46.717407] mt798x-wmac 18000000.wifi phy0-ap0: entered promiscuous mode
[   46.724365] br-lan: port 6(phy0-ap0) entered blocking state
[   46.729933] br-lan: port 6(phy0-ap0) entered forwarding state
[   46.790336] br-lan: port 7(phy1-ap0) entered blocking state
[   46.796006] br-lan: port 7(phy1-ap0) entered disabled state
[   46.801675] mt798x-wmac 18000000.wifi phy1-ap0: entered allmulticast mode
[   46.808693] mt798x-wmac 18000000.wifi phy1-ap0: entered promiscuous mode
[   46.815665] br-lan: port 7(phy1-ap0) entered blocking state
[   46.821250] br-lan: port 7(phy1-ap0) entered forwarding state
[   46.935158] br-lan: port 6(phy0-ap0) entered disabled state
[   46.942938] br-lan: port 7(phy1-ap0) entered disabled state
[   46.962964] MediaTek MT7531 PHY mt7530-0:03: extend_an_new_lp_cnt_limit: Training Indicator: 0x10
[   46.971867] MediaTek MT7531 PHY mt7530-0:03: mtk_gphy_cl22_read_status: counter limit ret: 0
[   46.990131] mt7530-mdio mdio-bus:1f lan4: Link is Up - 100Mbps/Full - flow control rx/tx
[   46.993199] br-lan: port 4(lan4) entered blocking state
[   47.003477] br-lan: port 4(lan4) entered forwarding state
[   47.484231] mt7530-mdio mdio-bus:1f lan3: Link is Up - 1Gbps/Full - flow control rx/tx
[   47.486233] br-lan: port 3(lan3) entered blocking state
[   47.497394] br-lan: port 3(lan3) entered forwarding state
[   48.929809] br-lan: port 6(phy0-ap0) entered blocking state
[   48.935404] br-lan: port 6(phy0-ap0) entered forwarding state
[   49.939974] mt7530-mdio mdio-bus:1f lan5: Link is Up - 10Mbps/Full - flow control rx/tx
[   49.940000] br-lan: port 5(lan5) entered blocking state
[   49.953191] br-lan: port 5(lan5) entered forwarding state
[  131.969590] br-lan: port 7(phy1-ap0) entered blocking state
[  131.975175] br-lan: port 7(phy1-ap0) entered forwarding state
