root@MT6000:~# dmesg
[    0.000000] Booting Linux on physical CPU 0x0000000000 [0x410fd034]
[    0.000000] Linux version 6.6.50 (ubundesk@ubundesk-B560M) (aarch64-openwrt-linux-musl-gcc (OpenWrt GCC 13.3.0 r27310-90355f8145) 13.3.0, GNU ld (GNU Binutils) 2.42) #0 SMP Tue Sep 10 15:16:10 2024
[    0.000000] Machine model: GL.iNet GL-MT6000
[    0.000000] OF: reserved mem: 0x0000000042ff0000..0x0000000042ffffff (64 KiB) map non-reusable ramoops@42ff0000
[    0.000000] OF: reserved mem: 0x0000000043000000..0x000000004302ffff (192 KiB) nomap non-reusable secmon@43000000
[    0.000000] OF: reserved mem: 0x000000004fc00000..0x000000004fcfffff (1024 KiB) nomap non-reusable wmcpu-reserved@4fc00000
[    0.000000] OF: reserved mem: 0x000000004fd00000..0x000000004fd3ffff (256 KiB) nomap non-reusable wo-emi@4fd00000
[    0.000000] OF: reserved mem: 0x000000004fd40000..0x000000004fd7ffff (256 KiB) nomap non-reusable wo-emi@4fd40000
[    0.000000] OF: reserved mem: 0x000000004fd80000..0x000000004ffbffff (2304 KiB) nomap non-reusable wo-data@4fd80000
[    0.000000] Zone ranges:
[    0.000000]   DMA      [mem 0x0000000040000000-0x000000007fffffff]
[    0.000000]   DMA32    empty
[    0.000000]   Normal   empty
[    0.000000] Movable zone start for each node
[    0.000000] Early memory node ranges
[    0.000000]   node   0: [mem 0x0000000040000000-0x0000000042ffffff]
[    0.000000]   node   0: [mem 0x0000000043000000-0x000000004302ffff]
[    0.000000]   node   0: [mem 0x0000000043030000-0x000000004fbfffff]
[    0.000000]   node   0: [mem 0x000000004fc00000-0x000000004ffbffff]
[    0.000000]   node   0: [mem 0x000000004ffc0000-0x000000007fffffff]
[    0.000000] Initmem setup node 0 [mem 0x0000000040000000-0x000000007fffffff]
[    0.000000] psci: probing for conduit method from DT.
[    0.000000] psci: PSCIv1.1 detected in firmware.
[    0.000000] psci: Using standard PSCI v0.2 function IDs
[    0.000000] psci: MIGRATE_INFO_TYPE not supported.
[    0.000000] psci: SMC Calling Convention v1.2
[    0.000000] percpu: Embedded 18 pages/cpu s34600 r8192 d30936 u73728
[    0.000000] pcpu-alloc: s34600 r8192 d30936 u73728 alloc=18*4096
[    0.000000] pcpu-alloc: [0] 0 [0] 1 [0] 2 [0] 3 
[    0.000000] Detected VIPT I-cache on CPU0
[    0.000000] CPU features: detected: GIC system register CPU interface
[    0.000000] CPU features: kernel page table isolation disabled by kernel configuration
[    0.000000] alternatives: applying boot alternatives
[    0.000000] Kernel command line:  root=PARTLABEL=rootfs rootwait
[    0.000000] Dentry cache hash table entries: 131072 (order: 8, 1048576 bytes, linear)
[    0.000000] Inode-cache hash table entries: 65536 (order: 7, 524288 bytes, linear)
[    0.000000] Built 1 zonelists, mobility grouping on.  Total pages: 258048
[    0.000000] mem auto-init: stack:off, heap alloc:off, heap free:off
[    0.000000] software IO TLB: SWIOTLB bounce buffer size adjusted to 1MB
[    0.000000] software IO TLB: area num 4.
[    0.000000] software IO TLB: mapped [mem 0x000000007fb05000-0x000000007fc05000] (1MB)
[    0.000000] Memory: 1009984K/1048576K available (8704K kernel code, 898K rwdata, 2544K rodata, 448K init, 287K bss, 38592K reserved, 0K cma-reserved)
[    0.000000] SLUB: HWalign=64, Order=0-3, MinObjects=0, CPUs=4, Nodes=1
[    0.000000] rcu: Hierarchical RCU implementation.
[    0.000000] 	Tracing variant of Tasks RCU enabled.
[    0.000000] rcu: RCU calculated value of scheduler-enlistment delay is 10 jiffies.
[    0.000000] NR_IRQS: 64, nr_irqs: 64, preallocated irqs: 0
[    0.000000] GICv3: GIC: Using split EOI/Deactivate mode
[    0.000000] GICv3: 640 SPIs implemented
[    0.000000] GICv3: 0 Extended SPIs implemented
[    0.000000] Root IRQ handler: gic_handle_irq
[    0.000000] GICv3: GICv3 features: 16 PPIs
[    0.000000] GICv3: CPU0: found redistributor 0 region 0:0x000000000c080000
[    0.000000] rcu: srcu_init: Setting srcu_struct sizes based on contention.
[    0.000000] arch_timer: cp15 timer(s) running at 13.00MHz (phys).
[    0.000000] clocksource: arch_sys_counter: mask: 0xffffffffffffff max_cycles: 0x2ff89eacb, max_idle_ns: 440795202429 ns
[    0.000000] sched_clock: 56 bits at 13MHz, resolution 76ns, wraps every 4398046511101ns
[    0.000058] Calibrating delay loop (skipped), value calculated using timer frequency.. 26.00 BogoMIPS (lpj=130000)
[    0.000065] pid_max: default: 32768 minimum: 301
[    0.002065] Mount-cache hash table entries: 2048 (order: 2, 16384 bytes, linear)
[    0.002073] Mountpoint-cache hash table entries: 2048 (order: 2, 16384 bytes, linear)
[    0.003622] cacheinfo: Unable to detect cache hierarchy for CPU 0
[    0.004008] RCU Tasks Trace: Setting shift to 2 and lim to 1 rcu_task_cb_adjust=1.
[    0.004113] rcu: Hierarchical SRCU implementation.
[    0.004115] rcu: 	Max phase no-delay instances is 1000.
[    0.004421] smp: Bringing up secondary CPUs ...
[    0.004681] Detected VIPT I-cache on CPU1
[    0.004715] GICv3: CPU1: found redistributor 1 region 0:0x000000000c0a0000
[    0.004742] CPU1: Booted secondary processor 0x0000000001 [0x410fd034]
[    0.005031] Detected VIPT I-cache on CPU2
[    0.005050] GICv3: CPU2: found redistributor 2 region 0:0x000000000c0c0000
[    0.005061] CPU2: Booted secondary processor 0x0000000002 [0x410fd034]
[    0.005317] Detected VIPT I-cache on CPU3
[    0.005333] GICv3: CPU3: found redistributor 3 region 0:0x000000000c0e0000
[    0.005343] CPU3: Booted secondary processor 0x0000000003 [0x410fd034]
[    0.005370] smp: Brought up 1 node, 4 CPUs
[    0.005374] SMP: Total of 4 processors activated.
[    0.005376] CPU features: detected: 32-bit EL0 Support
[    0.005378] CPU features: detected: CRC32 instructions
[    0.005403] CPU features: emulated: Privileged Access Never (PAN) using TTBR0_EL1 switching
[    0.005406] CPU: All CPU(s) started at EL2
[    0.005408] alternatives: applying system-wide alternatives
[    0.008132] clocksource: jiffies: mask: 0xffffffff max_cycles: 0xffffffff, max_idle_ns: 19112604462750000 ns
[    0.008148] futex hash table entries: 1024 (order: 4, 65536 bytes, linear)
[    0.009023] pinctrl core: initialized pinctrl subsystem
[    0.009682] NET: Registered PF_NETLINK/PF_ROUTE protocol family
[    0.010212] DMA: preallocated 128 KiB GFP_KERNEL pool for atomic allocations
[    0.010231] DMA: preallocated 128 KiB GFP_KERNEL|GFP_DMA pool for atomic allocations
[    0.010248] DMA: preallocated 128 KiB GFP_KERNEL|GFP_DMA32 pool for atomic allocations
[    0.010538] thermal_sys: Registered thermal governor 'fair_share'
[    0.010541] thermal_sys: Registered thermal governor 'bang_bang'
[    0.010543] thermal_sys: Registered thermal governor 'step_wise'
[    0.010544] thermal_sys: Registered thermal governor 'user_space'
[    0.010589] ASID allocator initialised with 65536 entries
[    0.011345] pstore: Using crash dump compression: deflate
[    0.011349] pstore: Registered ramoops as persistent store backend
[    0.011350] ramoops: using 0x10000@0x42ff0000, ecc: 0
[    0.016847] Modules: 29504 pages in range for non-PLT usage
[    0.016854] Modules: 521024 pages in range for PLT usage
[    0.017768] cryptd: max_cpu_qlen set to 1000
[    0.019270] SCSI subsystem initialized
[    0.019382] libata version 3.00 loaded.
[    0.020474] clocksource: Switched to clocksource arch_sys_counter
[    0.022157] NET: Registered PF_INET protocol family
[    0.022249] IP idents hash table entries: 16384 (order: 5, 131072 bytes, linear)
[    0.023262] tcp_listen_portaddr_hash hash table entries: 512 (order: 1, 8192 bytes, linear)
[    0.023274] Table-perturb hash table entries: 65536 (order: 6, 262144 bytes, linear)
[    0.023282] TCP established hash table entries: 8192 (order: 4, 65536 bytes, linear)
[    0.023318] TCP bind hash table entries: 8192 (order: 6, 262144 bytes, linear)
[    0.023481] TCP: Hash tables configured (established 8192 bind 8192)
[    0.023554] UDP hash table entries: 512 (order: 2, 16384 bytes, linear)
[    0.023569] UDP-Lite hash table entries: 512 (order: 2, 16384 bytes, linear)
[    0.023722] NET: Registered PF_UNIX/PF_LOCAL protocol family
[    0.023744] PCI: CLS 0 bytes, default 64
[    0.024645] workingset: timestamp_bits=46 max_order=18 bucket_order=0
[    0.027916] squashfs: version 4.0 (2009/01/31) Phillip Lougher
[    0.027921] jffs2: version 2.2 (NAND) (SUMMARY) (LZMA) (RTIME) (CMODE_PRIORITY) (c) 2001-2006 Red Hat, Inc.
[    0.053443] Serial: 8250/16550 driver, 3 ports, IRQ sharing disabled
[    0.054422] printk: console [ttyS0] disabled
[    0.074743] 11002000.serial: ttyS0 at MMIO 0x11002000 (irq = 116, base_baud = 2500000) is a ST16650V2
[    0.074779] printk: console [ttyS0] enabled
[    0.836311] mtk_rng 1020f000.rng: registered RNG driver
[    0.844222] loop: module loaded
[    0.972129] i2c_dev: i2c /dev entries driver
[    0.977712] mtk-wdt 1001c000.watchdog: Watchdog enabled (timeout=31 sec, nowayout=0)
[    0.986511] NET: Registered PF_INET6 protocol family
[    0.992247] Segment Routing with IPv6
[    0.995923] In-situ OAM (IOAM) with IPv6
[    0.999876] NET: Registered PF_PACKET protocol family
[    1.004996] 8021q: 802.1Q VLAN Support v1.8
[    1.058889] mtk-msdc 11230000.mmc: Final PAD_DS_TUNE: 0x14414
[    1.064765] mmc0: new HS400 MMC card at address 0001
[    1.070651] mmcblk0: mmc0:0001 8GTF4R 7.28 GiB
[    1.076119] GPT:Primary header thinks Alt. header is not at the end of the disk.
[    1.083650] GPT:1 != 15269887
[    1.086610] GPT:Alternate GPT header not at the end of the disk.
[    1.092603] GPT:1 != 15269887
[    1.095555] GPT: Use GNU Parted to correct GPT errors.
[    1.100700]  mmcblk0: p1 p2 p3 p4 p5 p6 p7
[    1.106205] mmcblk0boot0: mmc0:0001 8GTF4R 4.00 MiB
[    1.111958] mmcblk0boot1: mmc0:0001 8GTF4R 4.00 MiB
[    1.117047] mmcblk0rpmb: mmc0:0001 8GTF4R 512 KiB, chardev (251:0)
[    1.873479] mtk_soc_eth 15100000.ethernet eth0: mediatek frame engine at 0xffffffc081c00000, irq 119
[    1.883419] mtk_soc_eth 15100000.ethernet eth1: mediatek frame engine at 0xffffffc081c00000, irq 119
[    1.990948] mt7530-mdio mdio-bus:1f: configuring for fixed/2500base-x link mode
[    1.999903] mt7530-mdio mdio-bus:1f: Link is Up - 2.5Gbps/Full - flow control rx/tx
[    2.010651] mt7530-mdio mdio-bus:1f lan2 (uninitialized): PHY [mt7530-0:00] driver [MediaTek MT7531 PHY] (irq=124)
[    2.032816] mt7530-mdio mdio-bus:1f lan3 (uninitialized): PHY [mt7530-0:01] driver [MediaTek MT7531 PHY] (irq=125)
[    2.054696] mt7530-mdio mdio-bus:1f lan4 (uninitialized): PHY [mt7530-0:02] driver [MediaTek MT7531 PHY] (irq=126)
[    2.076600] mt7530-mdio mdio-bus:1f lan5 (uninitialized): PHY [mt7530-0:03] driver [MediaTek MT7531 PHY] (irq=127)
[    2.320617] mt7530-mdio mdio-bus:1f lan1 (uninitialized): PHY [mdio-bus:07] driver [RTL8221B-VB-CG 2.5Gbps PHY (C45)] (irq=62)
[    2.332717] mtk_soc_eth 15100000.ethernet eth0: entered promiscuous mode
[    2.339430] DSA: tree 0 setup
[    2.342638] clk: Disabling unused clocks
[    2.349054] VFS: Mounted root (squashfs filesystem) readonly on device 179:7.
[    2.356347] Freeing unused kernel memory: 448K
[    2.360834] Run /sbin/init as init process
[    2.364913]   with arguments:
[    2.367864]     /sbin/init
[    2.370559]   with environment:
[    2.373683]     HOME=/
[    2.376027]     TERM=linux
[    2.470679] init: Console is alive
[    2.474164] init: - watchdog -
[    2.818604] kmodloader: loading kernel modules from /etc/modules-boot.d/*
[    2.840210] usbcore: registered new interface driver usbfs
[    2.845762] usbcore: registered new interface driver hub
[    2.851095] usbcore: registered new device driver usb
[    2.861269] gpio_button_hotplug: loading out-of-tree module taints kernel.
[    2.873545] xhci-mtk 11200000.usb: xHCI Host Controller
[    2.878777] xhci-mtk 11200000.usb: new USB bus registered, assigned bus number 1
[    2.889232] xhci-mtk 11200000.usb: hcc params 0x01403f99 hci version 0x110 quirks 0x0000000000200010
[    2.898422] xhci-mtk 11200000.usb: irq 128, io mem 0x11200000
[    2.904271] xhci-mtk 11200000.usb: xHCI Host Controller
[    2.909483] xhci-mtk 11200000.usb: new USB bus registered, assigned bus number 2
[    2.916864] xhci-mtk 11200000.usb: Host supports USB 3.2 Enhanced SuperSpeed
[    2.924291] hub 1-0:1.0: USB hub found
[    2.928048] hub 1-0:1.0: 2 ports detected
[    2.932403] usb usb2: We don't know the algorithms for LPM for this host, disabling LPM.
[    2.940770] hub 2-0:1.0: USB hub found
[    2.944524] hub 2-0:1.0: 1 port detected
[    2.953082] usbcore: registered new interface driver usb-storage
[    2.959283] kmodloader: done loading kernel modules from /etc/modules-boot.d/*
[    2.971285] init: - preinit -
[    3.251391] mtk_soc_eth 15100000.ethernet eth0: configuring for fixed/2500base-x link mode
[    3.259840] mtk_soc_eth 15100000.ethernet eth0: Link is Up - 2.5Gbps/Full - flow control rx/tx
[    3.277886] mt7530-mdio mdio-bus:1f lan1: configuring for phy/2500base-x link mode
[    3.390520] usb 1-2: new high-speed USB device number 2 using xhci-mtk
[    3.573762] hub 1-2:1.0: USB hub found
[    3.577634] hub 1-2:1.0: 4 ports detected
[    4.590482] usb 1-2.3: new high-speed USB device number 3 using xhci-mtk
[    4.787528] usb-storage 1-2.3:1.0: USB Mass Storage device detected
[    4.794023] scsi host0: usb-storage 1-2.3:1.0
[    4.940480] usb 1-2.4: new high-speed USB device number 4 using xhci-mtk
[    5.528232] loop0: detected capacity change from 0 to 15178752
[    5.570492] loop0: detected capacity change from 15178752 to 15150848
[    5.641702] F2FS-fs (loop0): Mounted with checkpoint version = 30a3e8b4
[    5.648809] mount_root: switching to f2fs overlay
[    5.654164] overlayfs: null uuid detected in lower fs '/', falling back to xino=off,index=off,nfs_export=off.
[    5.665362] urandom-seed: Seeding with /etc/urandom.seed
[    5.704733] random: procd: uninitialized urandom read (4 bytes read)
[    5.712322] procd: - early -
[    5.715247] procd: - watchdog -
[    5.831412] scsi 0:0:0:0: Direct-Access     Kingston DataTraveler 3.0      PQ: 0 ANSI: 6
[    5.841142] sd 0:0:0:0: [sda] 60437492 512-byte logical blocks: (30.9 GB/28.8 GiB)
[    5.848996] sd 0:0:0:0: [sda] Write Protect is off
[    5.853833] sd 0:0:0:0: [sda] Mode Sense: 4f 00 00 00
[    5.859244] sd 0:0:0:0: [sda] Write cache: disabled, read cache: enabled, doesn't support DPO or FUA
[    5.871598]  sda: sda1
[    5.874212] sd 0:0:0:0: [sda] Attached SCSI removable disk
[    6.373881] procd: - watchdog -
[    6.388575] procd: - ubus -
[    6.904579] F2FS-fs (sda1): Mounted with checkpoint version = 61809e62
[   11.350718] random: crng init done
[   11.355591] procd: - init -
[   11.557424] kmodloader: loading kernel modules from /etc/modules.d/*
[   11.586075] tun: Universal TUN/TAP device driver, 1.6
[   11.595188] cryptodev: driver 1.13 loaded.
[   11.600198] GACT probability on
[   11.604028] Mirror/redirect action on
[   11.611175] u32 classifier
[   11.613884]     input device check on
[   11.617528]     Actions configured
[   11.625715] Simple TC action Loaded
[   11.637319] ntfs3: Enabled Linux POSIX ACLs support
[   11.652675] crypto-safexcel 10320000.crypto: EIP97:230(0,1,4,4)-HIA:270(0,5,5),PE:150/433(alg:7fcdfc00)/0/0/0
[   11.685956] urngd: v1.0.2 started.
[   11.691332] Loading modules backported from Linux version v6.9.9-0-g28fdf4518483
[   11.698723] Backport generated by backports.git v6.1.97-1-29-gf1d24a3683b2
[   11.719183] xt_time: kernel timezone is -0000
[   14.094264] mt798x-wmac 18000000.wifi: HW/SW Version: 0x8a108a10, Build Time: 20240823160656a
[   14.094264] 
[   14.199029] mt798x-wmac 18000000.wifi: WM Firmware Version: ____000000, Build Time: 20240823160721
[   14.283703] mt798x-wmac 18000000.wifi: WA Firmware Version: DEV_000000, Build Time: 20240823160840
[   14.432256] mt798x-wmac 18000000.wifi: registering led 'mt76-phy0'
[   14.511802] mt798x-wmac 18000000.wifi: registering led 'mt76-phy1'
[   18.340191] wireguard: WireGuard 1.0.0 loaded. See www.wireguard.com for information.
[   18.348050] wireguard: Copyright (C) 2015-2019 Jason A. Donenfeld <Jason@zx2c4.com>. All Rights Reserved.
[   18.362410] rtl8192cu: Chip version 0x11
[   18.414783] rtl8192cu: Board Type 0
[   18.418336] rtl_usb: rx_max_size 15360, rx_urb_num 8, in_ep 1
[   18.424110] rtl8192cu: Loading firmware rtlwifi/rtl8192cufw_TMSC.bin
[   18.430728] ieee80211 phy2: Selected rate control algorithm 'rtl_rc'
[   18.437446] usbcore: registered new interface driver rtl8192cu
[   18.444022] kmodloader: done loading kernel modules from /etc/modules.d/*
[   21.726573] mtk_soc_eth 15100000.ethernet eth0: Link is Down
[   21.744634] mtk_soc_eth 15100000.ethernet eth0: configuring for fixed/2500base-x link mode
[   21.753075] mtk_soc_eth 15100000.ethernet eth0: Link is Up - 2.5Gbps/Full - flow control rx/tx
[   21.755334] mt7530-mdio mdio-bus:1f lan1: configuring for phy/2500base-x link mode
[   21.801142] br-lan: port 1(lan1) entered blocking state
[   21.806371] br-lan: port 1(lan1) entered disabled state
[   21.811701] mt7530-mdio mdio-bus:1f lan1: entered allmulticast mode
[   21.817956] mtk_soc_eth 15100000.ethernet eth0: entered allmulticast mode
[   21.827427] mt7530-mdio mdio-bus:1f lan1: entered promiscuous mode
[   21.845909] mt7530-mdio mdio-bus:1f lan2: configuring for phy/gmii link mode
[   22.368679] MediaTek MT7531 PHY mt7530-0:00: extend_an_new_lp_cnt_limit: Training Indicator: 0x8050
[   22.377724] MediaTek MT7531 PHY mt7530-0:00: mtk_gphy_cl22_read_status: counter limit ret: 0
[   22.386168] br-lan: port 2(lan2) entered blocking state
[   22.391389] br-lan: port 2(lan2) entered disabled state
[   22.396631] mt7530-mdio mdio-bus:1f lan2: entered allmulticast mode
[   22.404502] mt7530-mdio mdio-bus:1f lan2: entered promiscuous mode
[   22.419904] mt7530-mdio mdio-bus:1f lan3: configuring for phy/gmii link mode
[   22.942586] MediaTek MT7531 PHY mt7530-0:01: extend_an_new_lp_cnt_limit: Training Indicator: 0x8050
[   22.951672] MediaTek MT7531 PHY mt7530-0:01: mtk_gphy_cl22_read_status: counter limit ret: 0
[   22.960149] br-lan: port 3(lan3) entered blocking state
[   22.965440] br-lan: port 3(lan3) entered disabled state
[   22.970744] mt7530-mdio mdio-bus:1f lan3: entered allmulticast mode
[   22.978970] mt7530-mdio mdio-bus:1f lan3: entered promiscuous mode
[   22.995234] mt7530-mdio mdio-bus:1f lan4: configuring for phy/gmii link mode
[   23.510734] MediaTek MT7531 PHY mt7530-0:02: extend_an_new_lp_cnt_limit: Training Indicator: 0x8010
[   23.519774] MediaTek MT7531 PHY mt7530-0:02: mtk_gphy_cl22_read_status: counter limit ret: 0
[   23.528225] br-lan: port 4(lan4) entered blocking state
[   23.533441] br-lan: port 4(lan4) entered disabled state
[   23.538681] mt7530-mdio mdio-bus:1f lan4: entered allmulticast mode
[   23.546904] mt7530-mdio mdio-bus:1f lan4: entered promiscuous mode
[   23.564043] mt7530-mdio mdio-bus:1f lan5: configuring for phy/gmii link mode
[   23.708518] mt7530-mdio mdio-bus:1f lan1: Link is Up - 2.5Gbps/Full - flow control rx/tx
[   24.087650] MediaTek MT7531 PHY mt7530-0:03: extend_an_new_lp_cnt_limit: Training Indicator: 0x50
[   24.096509] MediaTek MT7531 PHY mt7530-0:03: mtk_gphy_cl22_read_status: counter limit ret: 0
[   24.104951] br-lan: port 5(lan5) entered blocking state
[   24.110161] br-lan: port 5(lan5) entered disabled state
[   24.115412] mt7530-mdio mdio-bus:1f lan5: entered allmulticast mode
[   24.123805] mt7530-mdio mdio-bus:1f lan5: entered promiscuous mode
[   24.130960] br-lan: port 1(lan1) entered blocking state
[   24.136170] br-lan: port 1(lan1) entered forwarding state
[   24.380559] mtk_soc_eth 15100000.ethernet eth1: PHY [mdio-bus:01] driver [RTL8221B-VB-CG 2.5Gbps PHY (C45)] (irq=61)
[   24.391335] mtk_soc_eth 15100000.ethernet eth1: configuring for phy/2500base-x link mode
[   24.444321] mt7530-mdio mdio-bus:1f lan1: Link is Down
[   24.455016] br-lan: port 1(lan1) entered disabled state
[   24.654688] mt7530-mdio mdio-bus:1f lan4: Link is Up - 100Mbps/Full - flow control rx/tx
[   24.984573] MediaTek MT7531 PHY mt7530-0:00: extend_an_new_lp_cnt_limit: Training Indicator: 0x50
[   24.993444] MediaTek MT7531 PHY mt7530-0:00: mtk_gphy_cl22_read_status: counter limit ret: 0
[   25.512524] MediaTek MT7531 PHY mt7530-0:00: extend_an_new_lp_cnt_limit: Training Indicator: 0x50
[   25.521399] MediaTek MT7531 PHY mt7530-0:00: mtk_gphy_cl22_read_status: counter limit ret: 0
[   25.962033] mt7530-mdio mdio-bus:1f lan3: Link is Up - 1Gbps/Full - flow control rx/tx
[   26.005649] mt7530-mdio mdio-bus:1f lan5: Link is Up - 10Mbps/Full - flow control rx/tx
[   26.035599] MediaTek MT7531 PHY mt7530-0:00: extend_an_new_lp_cnt_limit: Training Indicator: 0x110
[   26.044538] MediaTek MT7531 PHY mt7530-0:00: mtk_gphy_cl22_read_status: counter limit ret: 0
[   26.056137] br-lan: port 4(lan4) entered blocking state
[   26.061397] br-lan: port 4(lan4) entered forwarding state
[   26.066932] br-lan: port 3(lan3) entered blocking state
[   26.072215] br-lan: port 3(lan3) entered forwarding state
[   26.077766] br-lan: port 5(lan5) entered blocking state
[   26.083048] br-lan: port 5(lan5) entered forwarding state
[   26.562783] MediaTek MT7531 PHY mt7530-0:00: extend_an_new_lp_cnt_limit: Training Indicator: 0x10
[   26.571657] MediaTek MT7531 PHY mt7530-0:00: mtk_gphy_cl22_read_status: counter limit ret: 0
[   27.088681] MediaTek MT7531 PHY mt7530-0:00: extend_an_new_lp_cnt_limit: Training Indicator: 0x10
[   27.097556] MediaTek MT7531 PHY mt7530-0:00: mtk_gphy_cl22_read_status: counter limit ret: 0
[   27.468730] mtk_soc_eth 15100000.ethernet eth1: Link is Up - 1Gbps/Full - flow control rx/tx
[   27.629703] MediaTek MT7531 PHY mt7530-0:00: extend_an_new_lp_cnt_limit: Training Indicator: 0x10
[   27.638565] MediaTek MT7531 PHY mt7530-0:00: mtk_gphy_cl22_read_status: counter limit ret: 0
[   27.983487] mt7530-mdio mdio-bus:1f lan1: Link is Up - 2.5Gbps/Full - flow control rx/tx
[   28.156626] MediaTek MT7531 PHY mt7530-0:00: extend_an_new_lp_cnt_limit: Training Indicator: 0x110
[   28.165580] MediaTek MT7531 PHY mt7530-0:00: mtk_gphy_cl22_read_status: counter limit ret: 0
[   28.174207] br-lan: port 1(lan1) entered blocking state
[   28.179421] br-lan: port 1(lan1) entered forwarding state
[   28.693547] MediaTek MT7531 PHY mt7530-0:00: extend_an_new_lp_cnt_limit: Training Indicator: 0x10
[   28.702418] MediaTek MT7531 PHY mt7530-0:00: mtk_gphy_cl22_read_status: counter limit ret: 0
[   29.222587] MediaTek MT7531 PHY mt7530-0:01: extend_an_new_lp_cnt_limit: Training Indicator: 0x8010
[   29.231803] MediaTek MT7531 PHY mt7530-0:01: mtk_gphy_cl22_read_status: counter limit ret: 0
[   29.240416] br-lan: port 3(lan3) entered disabled state
[   29.240439] mt7530-mdio mdio-bus:1f lan3: Link is Down
[   29.752521] MediaTek MT7531 PHY mt7530-0:01: extend_an_new_lp_cnt_limit: Training Indicator: 0x8010
[   29.761568] MediaTek MT7531 PHY mt7530-0:01: mtk_gphy_cl22_read_status: counter limit ret: 0
[   30.282523] MediaTek MT7531 PHY mt7530-0:01: extend_an_new_lp_cnt_limit: Training Indicator: 0x8010
[   30.291570] MediaTek MT7531 PHY mt7530-0:01: mtk_gphy_cl22_read_status: counter limit ret: 0
[   30.815598] MediaTek MT7531 PHY mt7530-0:01: extend_an_new_lp_cnt_limit: Training Indicator: 0x8010
[   30.824643] MediaTek MT7531 PHY mt7530-0:01: mtk_gphy_cl22_read_status: counter limit ret: 0
[   31.338905] mt7530-mdio mdio-bus:1f lan2: Link is Up - 1Gbps/Full - flow control rx/tx
[   31.342517] MediaTek MT7531 PHY mt7530-0:01: extend_an_new_lp_cnt_limit: Training Indicator: 0xc010
[   31.355840] MediaTek MT7531 PHY mt7530-0:01: mtk_gphy_cl22_read_status: counter limit ret: 0
[   31.874573] MediaTek MT7531 PHY mt7530-0:01: extend_an_new_lp_cnt_limit: Training Indicator: 0x8010
[   31.883611] MediaTek MT7531 PHY mt7530-0:01: mtk_gphy_cl22_read_status: counter limit ret: 0
[   31.892965] br-lan: port 2(lan2) entered blocking state
[   31.898198] br-lan: port 2(lan2) entered forwarding state
[   32.401729] MediaTek MT7531 PHY mt7530-0:01: extend_an_new_lp_cnt_limit: Training Indicator: 0x8010
[   32.410772] MediaTek MT7531 PHY mt7530-0:01: mtk_gphy_cl22_read_status: counter limit ret: 0
[   32.930729] MediaTek MT7531 PHY mt7530-0:01: extend_an_new_lp_cnt_limit: Training Indicator: 0x8010
[   32.939772] MediaTek MT7531 PHY mt7530-0:01: mtk_gphy_cl22_read_status: counter limit ret: 0
[   33.465657] MediaTek MT7531 PHY mt7530-0:01: extend_an_new_lp_cnt_limit: Training Indicator: 0x8010
[   33.469705] MediaTek MT7531 PHY mt7530-0:02: extend_an_new_lp_cnt_limit: Training Indicator: 0x8010
[   33.474699] MediaTek MT7531 PHY mt7530-0:01: mtk_gphy_cl22_read_status: counter limit ret: 0
[   33.483721] MediaTek MT7531 PHY mt7530-0:02: mtk_gphy_cl22_read_status: counter limit ret: 0
[   33.483921] mt7530-mdio mdio-bus:1f lan4: Link is Down
[   33.999963] MediaTek MT7531 PHY mt7530-0:02: extend_an_new_lp_cnt_limit: Training Indicator: 0x8010
[   34.009000] MediaTek MT7531 PHY mt7530-0:02: mtk_gphy_cl22_read_status: counter limit ret: 0
[   34.527661] MediaTek MT7531 PHY mt7530-0:02: extend_an_new_lp_cnt_limit: Training Indicator: 0x8010
[   34.536700] MediaTek MT7531 PHY mt7530-0:02: mtk_gphy_cl22_read_status: counter limit ret: 0
[   34.547140] br-lan: port 4(lan4) entered disabled state
[   35.052524] MediaTek MT7531 PHY mt7530-0:02: extend_an_new_lp_cnt_limit: Training Indicator: 0x8010
[   35.061574] MediaTek MT7531 PHY mt7530-0:02: mtk_gphy_cl22_read_status: counter limit ret: 0
[   35.514681] mt7530-mdio mdio-bus:1f lan3: Link is Up - 1Gbps/Full - flow control rx/tx
[   35.584570] MediaTek MT7531 PHY mt7530-0:02: extend_an_new_lp_cnt_limit: Training Indicator: 0x8010
[   35.593599] MediaTek MT7531 PHY mt7530-0:02: mtk_gphy_cl22_read_status: counter limit ret: 0
[   36.118680] MediaTek MT7531 PHY mt7530-0:02: extend_an_new_lp_cnt_limit: Training Indicator: 0x8010
[   36.127723] MediaTek MT7531 PHY mt7530-0:02: mtk_gphy_cl22_read_status: counter limit ret: 0
[   36.650020] MediaTek MT7531 PHY mt7530-0:02: extend_an_new_lp_cnt_limit: Training Indicator: 0x8050
[   36.659065] MediaTek MT7531 PHY mt7530-0:02: mtk_gphy_cl22_read_status: counter limit ret: 0
[   36.667934] br-lan: port 3(lan3) entered blocking state
[   36.673214] br-lan: port 3(lan3) entered forwarding state
[   37.175602] MediaTek MT7531 PHY mt7530-0:02: extend_an_new_lp_cnt_limit: Training Indicator: 0x10
[   37.184490] MediaTek MT7531 PHY mt7530-0:02: mtk_gphy_cl22_read_status: counter limit ret: 0
[   37.195092] MediaTek MT7531 PHY mt7530-0:03: extend_an_new_lp_cnt_limit: Training Indicator: 0x10
[   37.203947] MediaTek MT7531 PHY mt7530-0:03: mtk_gphy_cl22_read_status: counter limit ret: 0
[   37.212460] br-lan: port 5(lan5) entered disabled state
[   37.212557] mt7530-mdio mdio-bus:1f lan5: Link is Down
[   37.726635] MediaTek MT7531 PHY mt7530-0:03: extend_an_new_lp_cnt_limit: Training Indicator: 0x10
[   37.735502] MediaTek MT7531 PHY mt7530-0:03: mtk_gphy_cl22_read_status: counter limit ret: 0
[   38.252521] MediaTek MT7531 PHY mt7530-0:03: extend_an_new_lp_cnt_limit: Training Indicator: 0x10
[   38.261396] MediaTek MT7531 PHY mt7530-0:03: mtk_gphy_cl22_read_status: counter limit ret: 0
[   38.271473] rtl8192cu: MAC auto ON okay!
[   38.296595] rtl8192cu: Tx queue select: 0x05
[   38.782562] MediaTek MT7531 PHY mt7530-0:03: extend_an_new_lp_cnt_limit: Training Indicator: 0x10
[   38.791531] MediaTek MT7531 PHY mt7530-0:03: mtk_gphy_cl22_read_status: counter limit ret: 0
[   39.310732] MediaTek MT7531 PHY mt7530-0:03: extend_an_new_lp_cnt_limit: Training Indicator: 0x10
[   39.319598] MediaTek MT7531 PHY mt7530-0:03: mtk_gphy_cl22_read_status: counter limit ret: 0
[   39.836708] MediaTek MT7531 PHY mt7530-0:03: extend_an_new_lp_cnt_limit: Training Indicator: 0x50
[   39.845578] MediaTek MT7531 PHY mt7530-0:03: mtk_gphy_cl22_read_status: counter limit ret: 0
[   39.923348] mt7530-mdio mdio-bus:1f lan4: Link is Up - 100Mbps/Full - flow control rx/tx
[   40.363808] MediaTek MT7531 PHY mt7530-0:03: extend_an_new_lp_cnt_limit: Training Indicator: 0x3f2
[   40.372762] MediaTek MT7531 PHY mt7530-0:03: mtk_gphy_cl22_read_status: counter limit ret: 0
[   40.387538] mt7530-mdio mdio-bus:1f lan5: Link is Up - 10Mbps/Full - flow control off
[   40.895601] MediaTek MT7531 PHY mt7530-0:03: extend_an_new_lp_cnt_limit: Training Indicator: 0x50
[   40.904493] MediaTek MT7531 PHY mt7530-0:03: mtk_gphy_cl22_read_status: counter limit ret: 0
[   40.913103] mt7530-mdio mdio-bus:1f lan5: Link is Down
[   40.921599] br-lan: port 4(lan4) entered blocking state
[   40.926834] br-lan: port 4(lan4) entered forwarding state
[   41.423555] MediaTek MT7531 PHY mt7530-0:03: extend_an_new_lp_cnt_limit: Training Indicator: 0x50
[   41.432454] MediaTek MT7531 PHY mt7530-0:03: mtk_gphy_cl22_read_status: counter limit ret: 0
[   41.441717] mtk_soc_eth 15100000.ethernet eth1: Link is Down
[   41.952579] MediaTek MT7531 PHY mt7530-0:00: extend_an_new_lp_cnt_limit: Training Indicator: 0x8010
[   41.961633] MediaTek MT7531 PHY mt7530-0:00: mtk_gphy_cl22_read_status: counter limit ret: 0
[   41.970274] mt7530-mdio mdio-bus:1f lan2: Link is Down
[   42.475603] MediaTek MT7531 PHY mt7530-0:00: extend_an_new_lp_cnt_limit: Training Indicator: 0x8010
[   42.484650] MediaTek MT7531 PHY mt7530-0:00: mtk_gphy_cl22_read_status: counter limit ret: 0
[   43.008619] MediaTek MT7531 PHY mt7530-0:01: extend_an_new_lp_cnt_limit: Training Indicator: 0x8010
[   43.013801] MediaTek MT7531 PHY mt7530-0:00: extend_an_new_lp_cnt_limit: Training Indicator: 0x8010
[   43.017663] MediaTek MT7531 PHY mt7530-0:01: mtk_gphy_cl22_read_status: counter limit ret: 0
[   43.026678] MediaTek MT7531 PHY mt7530-0:00: mtk_gphy_cl22_read_status: counter limit ret: 0
[   43.043706] mt7530-mdio mdio-bus:1f lan3: Link is Down
[   43.048864] br-lan: port 2(lan2) entered disabled state
[   43.050456] mt7530-mdio mdio-bus:1f lan5: Link is Up - 10Mbps/Full - flow control rx/tx
[   43.062100] br-lan: port 3(lan3) entered disabled state
[   43.554829] MediaTek MT7531 PHY mt7530-0:01: extend_an_new_lp_cnt_limit: Training Indicator: 0x8010
[   43.563868] MediaTek MT7531 PHY mt7530-0:01: mtk_gphy_cl22_read_status: counter limit ret: 0
[   43.572384] br-lan: port 5(lan5) entered blocking state
[   43.577596] br-lan: port 5(lan5) entered forwarding state
[   44.092520] MediaTek MT7531 PHY mt7530-0:01: extend_an_new_lp_cnt_limit: Training Indicator: 0x8010
[   44.101561] MediaTek MT7531 PHY mt7530-0:01: mtk_gphy_cl22_read_status: counter limit ret: 0
[   44.564924] mtk_soc_eth 15100000.ethernet eth1: Link is Up - 1Gbps/Full - flow control rx/tx
[   44.625867] MediaTek MT7531 PHY mt7530-0:02: extend_an_new_lp_cnt_limit: Training Indicator: 0x8050
[   44.634900] MediaTek MT7531 PHY mt7530-0:02: mtk_gphy_cl22_read_status: counter limit ret: 0
[   44.643518] mt7530-mdio mdio-bus:1f lan4: Link is Down
[   45.157145] MediaTek MT7531 PHY mt7530-0:02: extend_an_new_lp_cnt_limit: Training Indicator: 0x8050
[   45.166181] MediaTek MT7531 PHY mt7530-0:02: mtk_gphy_cl22_read_status: counter limit ret: 0
[   45.688679] MediaTek MT7531 PHY mt7530-0:02: extend_an_new_lp_cnt_limit: Training Indicator: 0x8050
[   45.691778] MediaTek MT7531 PHY mt7530-0:03: extend_an_new_lp_cnt_limit: Training Indicator: 0x10
[   45.697720] MediaTek MT7531 PHY mt7530-0:02: mtk_gphy_cl22_read_status: counter limit ret: 0
[   45.706584] MediaTek MT7531 PHY mt7530-0:03: mtk_gphy_cl22_read_status: counter limit ret: 0
[   45.723594] br-lan: port 4(lan4) entered disabled state
[   45.723617] mt7530-mdio mdio-bus:1f lan5: Link is Down
[   45.733946] br-lan: port 5(lan5) entered disabled state
[   45.738128] mt7530-mdio mdio-bus:1f lan2: Link is Up - 1Gbps/Full - flow control rx/tx
[   46.179291] mt7530-mdio mdio-bus:1f lan3: Link is Up - 1Gbps/Full - flow control rx/tx
[   46.229455] MediaTek MT7531 PHY mt7530-0:03: extend_an_new_lp_cnt_limit: Training Indicator: 0x10
[   46.238315] MediaTek MT7531 PHY mt7530-0:03: mtk_gphy_cl22_read_status: counter limit ret: 0
[   46.246841] br-lan: port 2(lan2) entered blocking state
[   46.252057] br-lan: port 2(lan2) entered forwarding state
[   46.257494] br-lan: port 3(lan3) entered blocking state
[   46.262709] br-lan: port 3(lan3) entered forwarding state
[   46.733958] mt7530-mdio mdio-bus:1f lan4: Link is Up - 100Mbps/Full - flow control rx/tx
[   46.776852] MediaTek MT7531 PHY mt7530-0:03: extend_an_new_lp_cnt_limit: Training Indicator: 0x10
[   46.785707] MediaTek MT7531 PHY mt7530-0:03: mtk_gphy_cl22_read_status: counter limit ret: 0
[   46.794322] br-lan: port 4(lan4) entered blocking state
[   46.799540] br-lan: port 4(lan4) entered forwarding state
[   47.055270] br-lan: port 6(phy1-ap0) entered blocking state
[   47.060906] br-lan: port 6(phy1-ap0) entered disabled state
[   47.066529] mt798x-wmac 18000000.wifi phy1-ap0: entered allmulticast mode
[   47.073588] mt798x-wmac 18000000.wifi phy1-ap0: entered promiscuous mode
[   47.080508] br-lan: port 6(phy1-ap0) entered blocking state
[   47.086093] br-lan: port 6(phy1-ap0) entered forwarding state
[   47.139730] br-lan: port 7(phy0-ap0) entered blocking state
[   47.145361] br-lan: port 7(phy0-ap0) entered disabled state
[   47.151013] mt798x-wmac 18000000.wifi phy0-ap0: entered allmulticast mode
[   47.158060] mt798x-wmac 18000000.wifi phy0-ap0: entered promiscuous mode
[   47.165079] br-lan: port 7(phy0-ap0) entered blocking state
[   47.170684] br-lan: port 7(phy0-ap0) entered forwarding state
[   47.831775] br-lan: port 6(phy1-ap0) entered disabled state
[   47.837724] br-lan: port 7(phy0-ap0) entered disabled state
[   49.321634] br-lan: port 7(phy0-ap0) entered blocking state
[   49.327214] br-lan: port 7(phy0-ap0) entered forwarding state
[   49.956040] mt7530-mdio mdio-bus:1f lan5: Link is Up - 10Mbps/Full - flow control rx/tx
[   49.956063] br-lan: port 5(lan5) entered blocking state
[   49.969260] br-lan: port 5(lan5) entered forwarding state
[  132.018616] br-lan: port 6(phy1-ap0) entered blocking state
[  132.024204] br-lan: port 6(phy1-ap0) entered forwarding state
