dmesg
[    0.000000] Booting Linux on physical CPU 0x0000000000 [0x410fd034]
[    0.000000] Linux version 6.6.49 (ubundesk@ubundesk-B560M) (aarch64-openwrt-linux-musl-gcc (OpenWrt GCC 13.3.0 r27310-90355f8145) 13.3.0, GNU ld (GNU Binutils) 2.42) #0 SMP Sun Sep  8 19:11:41 2024
[    0.000000] Machine model: GL.iNet GL-MT6000
[    0.000000] OF: reserved mem: 0x0000000042ff0000..0x0000000042ffffff (64 KiB) map non-reusable ramoops@42ff0000
[    0.000000] OF: reserved mem: 0x0000000043000000..0x000000004302ffff (192 KiB) nomap non-reusable secmon@43000000
[    0.000000] OF: reserved mem: 0x000000004fc00000..0x000000004fcfffff (1024 KiB) nomap non-reusable wmcpu-reserved@4fc00000
[    0.000000] OF: reserved mem: 0x000000004fd00000..0x000000004fd3ffff (256 KiB) nomap non-reusable wo-emi@4fd00000
[    0.000000] OF: reserved mem: 0x000000004fd40000..0x000000004fd7ffff (256 KiB) nomap non-reusable wo-emi@4fd40000
[    0.000000] OF: reserved mem: 0x000000004fd80000..0x000000004ffbffff (2304 KiB) nomap non-reusable wo-data@4fd80000
[    0.000000] Zone ranges:
[    0.000000]   DMA      [mem 0x0000000040000000-0x000000007fffffff]
[    0.000000]   DMA32    empty
[    0.000000]   Normal   empty
[    0.000000] Movable zone start for each node
[    0.000000] Early memory node ranges
[    0.000000]   node   0: [mem 0x0000000040000000-0x0000000042ffffff]
[    0.000000]   node   0: [mem 0x0000000043000000-0x000000004302ffff]
[    0.000000]   node   0: [mem 0x0000000043030000-0x000000004fbfffff]
[    0.000000]   node   0: [mem 0x000000004fc00000-0x000000004ffbffff]
[    0.000000]   node   0: [mem 0x000000004ffc0000-0x000000007fffffff]
[    0.000000] Initmem setup node 0 [mem 0x0000000040000000-0x000000007fffffff]
[    0.000000] psci: probing for conduit method from DT.
[    0.000000] psci: PSCIv1.1 detected in firmware.
[    0.000000] psci: Using standard PSCI v0.2 function IDs
[    0.000000] psci: MIGRATE_INFO_TYPE not supported.
[    0.000000] psci: SMC Calling Convention v1.2
[    0.000000] percpu: Embedded 18 pages/cpu s34600 r8192 d30936 u73728
[    0.000000] pcpu-alloc: s34600 r8192 d30936 u73728 alloc=18*4096
[    0.000000] pcpu-alloc: [0] 0 [0] 1 [0] 2 [0] 3 
[    0.000000] Detected VIPT I-cache on CPU0
[    0.000000] CPU features: detected: GIC system register CPU interface
[    0.000000] CPU features: kernel page table isolation disabled by kernel configuration
[    0.000000] alternatives: applying boot alternatives
[    0.000000] Kernel command line:  root=PARTLABEL=rootfs rootwait
[    0.000000] Dentry cache hash table entries: 131072 (order: 8, 1048576 bytes, linear)
[    0.000000] Inode-cache hash table entries: 65536 (order: 7, 524288 bytes, linear)
[    0.000000] Built 1 zonelists, mobility grouping on.  Total pages: 258048
[    0.000000] mem auto-init: stack:off, heap alloc:off, heap free:off
[    0.000000] software IO TLB: SWIOTLB bounce buffer size adjusted to 1MB
[    0.000000] software IO TLB: area num 4.
[    0.000000] software IO TLB: mapped [mem 0x000000007fb05000-0x000000007fc05000] (1MB)
[    0.000000] Memory: 1009984K/1048576K available (8704K kernel code, 898K rwdata, 2544K rodata, 448K init, 287K bss, 38592K reserved, 0K cma-reserved)
[    0.000000] SLUB: HWalign=64, Order=0-3, MinObjects=0, CPUs=4, Nodes=1
[    0.000000] rcu: Hierarchical RCU implementation.
[    0.000000] 	Tracing variant of Tasks RCU enabled.
[    0.000000] rcu: RCU calculated value of scheduler-enlistment delay is 10 jiffies.
[    0.000000] NR_IRQS: 64, nr_irqs: 64, preallocated irqs: 0
[    0.000000] GICv3: GIC: Using split EOI/Deactivate mode
[    0.000000] GICv3: 640 SPIs implemented
[    0.000000] GICv3: 0 Extended SPIs implemented
[    0.000000] Root IRQ handler: gic_handle_irq
[    0.000000] GICv3: GICv3 features: 16 PPIs
[    0.000000] GICv3: CPU0: found redistributor 0 region 0:0x000000000c080000
[    0.000000] rcu: srcu_init: Setting srcu_struct sizes based on contention.
[    0.000000] arch_timer: cp15 timer(s) running at 13.00MHz (phys).
[    0.000000] clocksource: arch_sys_counter: mask: 0xffffffffffffff max_cycles: 0x2ff89eacb, max_idle_ns: 440795202429 ns
[    0.000000] sched_clock: 56 bits at 13MHz, resolution 76ns, wraps every 4398046511101ns
[    0.000058] Calibrating delay loop (skipped), value calculated using timer frequency.. 26.00 BogoMIPS (lpj=130000)
[    0.000065] pid_max: default: 32768 minimum: 301
[    0.002070] Mount-cache hash table entries: 2048 (order: 2, 16384 bytes, linear)
[    0.002078] Mountpoint-cache hash table entries: 2048 (order: 2, 16384 bytes, linear)
[    0.003630] cacheinfo: Unable to detect cache hierarchy for CPU 0
[    0.004014] RCU Tasks Trace: Setting shift to 2 and lim to 1 rcu_task_cb_adjust=1.
[    0.004120] rcu: Hierarchical SRCU implementation.
[    0.004122] rcu: 	Max phase no-delay instances is 1000.
[    0.004431] smp: Bringing up secondary CPUs ...
[    0.004687] Detected VIPT I-cache on CPU1
[    0.004720] GICv3: CPU1: found redistributor 1 region 0:0x000000000c0a0000
[    0.004747] CPU1: Booted secondary processor 0x0000000001 [0x410fd034]
[    0.005036] Detected VIPT I-cache on CPU2
[    0.005056] GICv3: CPU2: found redistributor 2 region 0:0x000000000c0c0000
[    0.005068] CPU2: Booted secondary processor 0x0000000002 [0x410fd034]
[    0.005320] Detected VIPT I-cache on CPU3
[    0.005337] GICv3: CPU3: found redistributor 3 region 0:0x000000000c0e0000
[    0.005346] CPU3: Booted secondary processor 0x0000000003 [0x410fd034]
[    0.005372] smp: Brought up 1 node, 4 CPUs
[    0.005377] SMP: Total of 4 processors activated.
[    0.005379] CPU features: detected: 32-bit EL0 Support
[    0.005381] CPU features: detected: CRC32 instructions
[    0.005406] CPU features: emulated: Privileged Access Never (PAN) using TTBR0_EL1 switching
[    0.005409] CPU: All CPU(s) started at EL2
[    0.005410] alternatives: applying system-wide alternatives
[    0.008111] clocksource: jiffies: mask: 0xffffffff max_cycles: 0xffffffff, max_idle_ns: 19112604462750000 ns
[    0.008128] futex hash table entries: 1024 (order: 4, 65536 bytes, linear)
[    0.009003] pinctrl core: initialized pinctrl subsystem
[    0.009662] NET: Registered PF_NETLINK/PF_ROUTE protocol family
[    0.010201] DMA: preallocated 128 KiB GFP_KERNEL pool for atomic allocations
[    0.010221] DMA: preallocated 128 KiB GFP_KERNEL|GFP_DMA pool for atomic allocations
[    0.010238] DMA: preallocated 128 KiB GFP_KERNEL|GFP_DMA32 pool for atomic allocations
[    0.010535] thermal_sys: Registered thermal governor 'fair_share'
[    0.010538] thermal_sys: Registered thermal governor 'bang_bang'
[    0.010540] thermal_sys: Registered thermal governor 'step_wise'
[    0.010541] thermal_sys: Registered thermal governor 'user_space'
[    0.010587] ASID allocator initialised with 65536 entries
[    0.011345] pstore: Using crash dump compression: deflate
[    0.011348] pstore: Registered ramoops as persistent store backend
[    0.011350] ramoops: using 0x10000@0x42ff0000, ecc: 0
[    0.016877] Modules: 29504 pages in range for non-PLT usage
[    0.016885] Modules: 521024 pages in range for PLT usage
[    0.017811] cryptd: max_cpu_qlen set to 1000
[    0.019313] SCSI subsystem initialized
[    0.019521] libata version 3.00 loaded.
[    0.020555] clocksource: Switched to clocksource arch_sys_counter
[    0.022235] NET: Registered PF_INET protocol family
[    0.022329] IP idents hash table entries: 16384 (order: 5, 131072 bytes, linear)
[    0.023337] tcp_listen_portaddr_hash hash table entries: 512 (order: 1, 8192 bytes, linear)
[    0.023348] Table-perturb hash table entries: 65536 (order: 6, 262144 bytes, linear)
[    0.023356] TCP established hash table entries: 8192 (order: 4, 65536 bytes, linear)
[    0.023392] TCP bind hash table entries: 8192 (order: 6, 262144 bytes, linear)
[    0.023556] TCP: Hash tables configured (established 8192 bind 8192)
[    0.023632] UDP hash table entries: 512 (order: 2, 16384 bytes, linear)
[    0.023648] UDP-Lite hash table entries: 512 (order: 2, 16384 bytes, linear)
[    0.023796] NET: Registered PF_UNIX/PF_LOCAL protocol family
[    0.023818] PCI: CLS 0 bytes, default 64
[    0.025115] workingset: timestamp_bits=46 max_order=18 bucket_order=0
[    0.028409] squashfs: version 4.0 (2009/01/31) Phillip Lougher
[    0.028413] jffs2: version 2.2 (NAND) (SUMMARY) (LZMA) (RTIME) (CMODE_PRIORITY) (c) 2001-2006 Red Hat, Inc.
[    0.053955] Serial: 8250/16550 driver, 3 ports, IRQ sharing disabled
[    0.054958] printk: console [ttyS0] disabled
[    0.075292] 11002000.serial: ttyS0 at MMIO 0x11002000 (irq = 116, base_baud = 2500000) is a ST16650V2
[    0.075330] printk: console [ttyS0] enabled
[    0.836880] mtk_rng 1020f000.rng: registered RNG driver
[    0.844927] loop: module loaded
[    0.982218] i2c_dev: i2c /dev entries driver
[    0.987776] mtk-wdt 1001c000.watchdog: Watchdog enabled (timeout=31 sec, nowayout=0)
[    0.996580] NET: Registered PF_INET6 protocol family
[    1.002234] Segment Routing with IPv6
[    1.005908] In-situ OAM (IOAM) with IPv6
[    1.009861] NET: Registered PF_PACKET protocol family
[    1.014981] 8021q: 802.1Q VLAN Support v1.8
[    1.078990] mtk-msdc 11230000.mmc: Final PAD_DS_TUNE: 0x14414
[    1.084869] mmc0: new HS400 MMC card at address 0001
[    1.090809] mmcblk0: mmc0:0001 8GTF4R 7.28 GiB
[    1.096245] GPT:Primary header thinks Alt. header is not at the end of the disk.
[    1.103629] GPT:1 != 15269887
[    1.106581] GPT:Alternate GPT header not at the end of the disk.
[    1.112570] GPT:1 != 15269887
[    1.115522] GPT: Use GNU Parted to correct GPT errors.
[    1.120664]  mmcblk0: p1 p2 p3 p4 p5 p6 p7
[    1.126108] mmcblk0boot0: mmc0:0001 8GTF4R 4.00 MiB
[    1.131829] mmcblk0boot1: mmc0:0001 8GTF4R 4.00 MiB
[    1.136948] mmcblk0rpmb: mmc0:0001 8GTF4R 512 KiB, chardev (251:0)
[    1.883500] mtk_soc_eth 15100000.ethernet eth0: mediatek frame engine at 0xffffffc081c00000, irq 119
[    1.893463] mtk_soc_eth 15100000.ethernet eth1: mediatek frame engine at 0xffffffc081c00000, irq 119
[    2.001178] mt7530-mdio mdio-bus:1f: configuring for fixed/2500base-x link mode
[    2.010131] mt7530-mdio mdio-bus:1f: Link is Up - 2.5Gbps/Full - flow control rx/tx
[    2.020862] mt7530-mdio mdio-bus:1f lan2 (uninitialized): PHY [mt7530-0:00] driver [MediaTek MT7531 PHY] (irq=124)
[    2.043030] mt7530-mdio mdio-bus:1f lan3 (uninitialized): PHY [mt7530-0:01] driver [MediaTek MT7531 PHY] (irq=125)
[    2.064933] mt7530-mdio mdio-bus:1f lan4 (uninitialized): PHY [mt7530-0:02] driver [MediaTek MT7531 PHY] (irq=126)
[    2.086825] mt7530-mdio mdio-bus:1f lan5 (uninitialized): PHY [mt7530-0:03] driver [MediaTek MT7531 PHY] (irq=127)
[    2.330698] mt7530-mdio mdio-bus:1f lan1 (uninitialized): PHY [mdio-bus:07] driver [RTL8221B-VB-CG 2.5Gbps PHY (C45)] (irq=62)
[    2.342808] mtk_soc_eth 15100000.ethernet eth0: entered promiscuous mode
[    2.349521] DSA: tree 0 setup
[    2.352725] clk: Disabling unused clocks
[    2.359166] VFS: Mounted root (squashfs filesystem) readonly on device 179:7.
[    2.366478] Freeing unused kernel memory: 448K
[    2.370956] Run /sbin/init as init process
[    2.375034]   with arguments:
[    2.377986]     /sbin/init
[    2.380681]   with environment:
[    2.383806]     HOME=/
[    2.386151]     TERM=linux
[    2.481001] init: Console is alive
[    2.484485] init: - watchdog -
[    2.827211] kmodloader: loading kernel modules from /etc/modules-boot.d/*
[    2.849412] usbcore: registered new interface driver usbfs
[    2.854965] usbcore: registered new interface driver hub
[    2.860303] usbcore: registered new device driver usb
[    2.870343] gpio_button_hotplug: loading out-of-tree module taints kernel.
[    2.882603] xhci-mtk 11200000.usb: xHCI Host Controller
[    2.887837] xhci-mtk 11200000.usb: new USB bus registered, assigned bus number 1
[    2.898304] xhci-mtk 11200000.usb: hcc params 0x01403f99 hci version 0x110 quirks 0x0000000000200010
[    2.907460] xhci-mtk 11200000.usb: irq 128, io mem 0x11200000
[    2.913327] xhci-mtk 11200000.usb: xHCI Host Controller
[    2.918539] xhci-mtk 11200000.usb: new USB bus registered, assigned bus number 2
[    2.925923] xhci-mtk 11200000.usb: Host supports USB 3.2 Enhanced SuperSpeed
[    2.933307] hub 1-0:1.0: USB hub found
[    2.937065] hub 1-0:1.0: 2 ports detected
[    2.941360] usb usb2: We don't know the algorithms for LPM for this host, disabling LPM.
[    2.949697] hub 2-0:1.0: USB hub found
[    2.953510] hub 2-0:1.0: 1 port detected
[    2.962136] usbcore: registered new interface driver usb-storage
[    2.968349] kmodloader: done loading kernel modules from /etc/modules-boot.d/*
[    2.981551] init: - preinit -
[    3.253699] mtk_soc_eth 15100000.ethernet eth0: configuring for fixed/2500base-x link mode
[    3.262160] mtk_soc_eth 15100000.ethernet eth0: Link is Up - 2.5Gbps/Full - flow control rx/tx
[    3.280174] mt7530-mdio mdio-bus:1f lan1: configuring for phy/2500base-x link mode
[    3.400603] usb 1-2: new high-speed USB device number 2 using xhci-mtk
[    3.583923] hub 1-2:1.0: USB hub found
[    3.587740] hub 1-2:1.0: 4 ports detected
[    4.600560] usb 1-2.3: new high-speed USB device number 3 using xhci-mtk
[    4.797534] usb-storage 1-2.3:1.0: USB Mass Storage device detected
[    4.804029] scsi host0: usb-storage 1-2.3:1.0
[    4.950662] usb 1-2.4: new high-speed USB device number 4 using xhci-mtk
[    5.558401] loop0: detected capacity change from 0 to 15178752
[    5.620572] loop0: detected capacity change from 15178752 to 15150848
[    5.627890] mount_root: overlay filesystem in /dev/loop0 has not been formatted yet
[    5.831436] scsi 0:0:0:0: Direct-Access     Kingston DataTraveler 3.0      PQ: 0 ANSI: 6
[    5.840709] sd 0:0:0:0: [sda] 60437492 512-byte logical blocks: (30.9 GB/28.8 GiB)
[    5.848490] sd 0:0:0:0: [sda] Write Protect is off
[    5.853275] sd 0:0:0:0: [sda] Mode Sense: 4f 00 00 00
[    5.858536] sd 0:0:0:0: [sda] Write cache: disabled, read cache: enabled, doesn't support DPO or FUA
[    5.870414]  sda: sda1
[    5.872921] sd 0:0:0:0: [sda] Attached SCSI removable disk
[    6.470038] mt7530-mdio mdio-bus:1f lan1: Link is Up - 2.5Gbps/Full - flow control rx/tx
[    8.398513] F2FS-fs (loop0): Found nat_bits in checkpoint
[    8.442719] F2FS-fs (loop0): Mounted with checkpoint version = 8f5dc87
[    8.449587] mount_root: overlay filesystem has not been fully initialized yet
[    8.456980] mount_root: switching to f2fs overlay
[    8.464200] overlayfs: null uuid detected in lower fs '/', falling back to xino=off,index=off,nfs_export=off.
[    8.475205] urandom-seed: Seed file not found (/etc/urandom.seed)
[    8.520212] mt7530-mdio mdio-bus:1f lan1: Link is Down
[    8.526968] random: procd: uninitialized urandom read (4 bytes read)
[    8.529169] procd: - early -
[    8.536302] procd: - watchdog -
[    9.063054] procd: - watchdog -
[    9.075723] procd: - ubus -
[    9.384951] F2FS-fs (sda1): Mounted with checkpoint version = 61809ce8
[   11.350792] random: crng init done
[   11.376816] procd: - init -
[   11.588926] kmodloader: loading kernel modules from /etc/modules.d/*
[   11.619950] tun: Universal TUN/TAP device driver, 1.6
[   11.630211] cryptodev: driver 1.13 loaded.
[   11.635371] GACT probability on
[   11.639294] Mirror/redirect action on
[   11.647412] u32 classifier
[   11.650127]     input device check on
[   11.653827]     Actions configured
[   11.663275] Simple TC action Loaded
[   11.676632] ntfs3: Enabled Linux POSIX ACLs support
[   11.683842] crypto-safexcel 10320000.crypto: EIP97:230(0,1,4,4)-HIA:270(0,5,5),PE:150/433(alg:7fcdfc00)/0/0/0
[   11.699853] Loading modules backported from Linux version v6.9.9-0-g28fdf4518483
[   11.707308] Backport generated by backports.git v6.1.97-1-29-gf1d24a3683b2
[   11.729563] xt_time: kernel timezone is -0000
[   11.735018] urngd: v1.0.2 started.
[   14.104979] mt798x-wmac 18000000.wifi: HW/SW Version: 0x8a108a10, Build Time: 20240823160656a
[   14.104979] 
[   14.209856] mt798x-wmac 18000000.wifi: WM Firmware Version: ____000000, Build Time: 20240823160721
[   14.294645] mt798x-wmac 18000000.wifi: WA Firmware Version: DEV_000000, Build Time: 20240823160840
[   14.443237] mt798x-wmac 18000000.wifi: registering led 'mt76-phy0'
[   14.501870] mt798x-wmac 18000000.wifi: registering led 'mt76-phy1'
[   18.329432] wireguard: WireGuard 1.0.0 loaded. See www.wireguard.com for information.
[   18.337269] wireguard: Copyright (C) 2015-2019 Jason A. Donenfeld <Jason@zx2c4.com>. All Rights Reserved.
[   18.351476] rtl8192cu: Chip version 0x11
[   18.403644] rtl8192cu: Board Type 0
[   18.407203] rtl_usb: rx_max_size 15360, rx_urb_num 8, in_ep 1
[   18.412972] rtl8192cu: Loading firmware rtlwifi/rtl8192cufw_TMSC.bin
[   18.419587] ieee80211 phy2: Selected rate control algorithm 'rtl_rc'
[   18.426309] usbcore: registered new interface driver rtl8192cu
[   18.432584] kmodloader: done loading kernel modules from /etc/modules.d/*
[   22.236061] mtk_soc_eth 15100000.ethernet eth0: Link is Down
[   22.255298] mtk_soc_eth 15100000.ethernet eth0: configuring for fixed/2500base-x link mode
[   22.264006] mtk_soc_eth 15100000.ethernet eth0: Link is Up - 2.5Gbps/Full - flow control rx/tx
[   22.266876] mt7530-mdio mdio-bus:1f lan1: configuring for phy/2500base-x link mode
[   22.331231] br-lan: port 1(lan1) entered blocking state
[   22.336463] br-lan: port 1(lan1) entered disabled state
[   22.341767] mt7530-mdio mdio-bus:1f lan1: entered allmulticast mode
[   22.348019] mtk_soc_eth 15100000.ethernet eth0: entered allmulticast mode
[   22.357622] mt7530-mdio mdio-bus:1f lan1: entered promiscuous mode
[   22.375820] mt7530-mdio mdio-bus:1f lan2: configuring for phy/gmii link mode
[   22.387568] br-lan: port 2(lan2) entered blocking state
[   22.392855] br-lan: port 2(lan2) entered disabled state
[   22.398123] mt7530-mdio mdio-bus:1f lan2: entered allmulticast mode
[   22.406155] mt7530-mdio mdio-bus:1f lan2: entered promiscuous mode
[   22.420913] mt7530-mdio mdio-bus:1f lan3: configuring for phy/gmii link mode
[   22.432951] br-lan: port 3(lan3) entered blocking state
[   22.438180] br-lan: port 3(lan3) entered disabled state
[   22.443471] mt7530-mdio mdio-bus:1f lan3: entered allmulticast mode
[   22.451581] mt7530-mdio mdio-bus:1f lan3: entered promiscuous mode
[   22.466728] mt7530-mdio mdio-bus:1f lan4: configuring for phy/gmii link mode
[   22.982600] MediaTek MT7531 PHY mt7530-0:02: extend_an_new_lp_cnt_limit: Training Indicator: 0x8010
[   22.991645] MediaTek MT7531 PHY mt7530-0:02: mtk_gphy_cl22_read_status: counter limit ret: 0
[   23.000094] br-lan: port 4(lan4) entered blocking state
[   23.005311] br-lan: port 4(lan4) entered disabled state
[   23.010557] mt7530-mdio mdio-bus:1f lan4: entered allmulticast mode
[   23.018777] mt7530-mdio mdio-bus:1f lan4: entered promiscuous mode
[   23.033772] mt7530-mdio mdio-bus:1f lan5: configuring for phy/gmii link mode
[   23.552640] MediaTek MT7531 PHY mt7530-0:03: extend_an_new_lp_cnt_limit: Training Indicator: 0x8010
[   23.561721] MediaTek MT7531 PHY mt7530-0:03: mtk_gphy_cl22_read_status: counter limit ret: 0
[   23.570173] br-lan: port 5(lan5) entered blocking state
[   23.575397] br-lan: port 5(lan5) entered disabled state
[   23.580673] mt7530-mdio mdio-bus:1f lan5: entered allmulticast mode
[   23.589130] mt7530-mdio mdio-bus:1f lan5: entered promiscuous mode
[   23.830633] mtk_soc_eth 15100000.ethernet eth1: PHY [mdio-bus:01] driver [RTL8221B-VB-CG 2.5Gbps PHY (C45)] (irq=61)
[   23.841402] mtk_soc_eth 15100000.ethernet eth1: configuring for phy/2500base-x link mode
[   24.503625] MediaTek MT7531 PHY mt7530-0:02: extend_an_new_lp_cnt_limit: Training Indicator: 0x10
[   24.512497] MediaTek MT7531 PHY mt7530-0:02: mtk_gphy_cl22_read_status: counter limit ret: 0
[   25.035678] MediaTek MT7531 PHY mt7530-0:02: extend_an_new_lp_cnt_limit: Training Indicator: 0x10
[   25.044551] MediaTek MT7531 PHY mt7530-0:02: mtk_gphy_cl22_read_status: counter limit ret: 0
[   25.561063] MediaTek MT7531 PHY mt7530-0:02: extend_an_new_lp_cnt_limit: Training Indicator: 0x10
[   25.569915] MediaTek MT7531 PHY mt7530-0:02: mtk_gphy_cl22_read_status: counter limit ret: 0
[   26.102601] MediaTek MT7531 PHY mt7530-0:02: extend_an_new_lp_cnt_limit: Training Indicator: 0x10
[   26.111473] MediaTek MT7531 PHY mt7530-0:02: mtk_gphy_cl22_read_status: counter limit ret: 0
[   26.632601] MediaTek MT7531 PHY mt7530-0:02: extend_an_new_lp_cnt_limit: Training Indicator: 0x10
[   26.636820] mt7530-mdio mdio-bus:1f lan5: Link is Up - 1Gbps/Full - flow control rx/tx
[   26.641501] MediaTek MT7531 PHY mt7530-0:02: mtk_gphy_cl22_read_status: counter limit ret: 0
[   26.659140] br-lan: port 5(lan5) entered blocking state
[   26.664386] br-lan: port 5(lan5) entered forwarding state
[   26.873139] mtk_soc_eth 15100000.ethernet eth1: Link is Up - 1Gbps/Full - flow control rx/tx
[   27.182597] MediaTek MT7531 PHY mt7530-0:02: extend_an_new_lp_cnt_limit: Training Indicator: 0x10
[   27.191455] MediaTek MT7531 PHY mt7530-0:02: mtk_gphy_cl22_read_status: counter limit ret: 0
[   27.712598] MediaTek MT7531 PHY mt7530-0:02: extend_an_new_lp_cnt_limit: Training Indicator: 0x10
[   27.721465] MediaTek MT7531 PHY mt7530-0:02: mtk_gphy_cl22_read_status: counter limit ret: 0
[   28.242602] MediaTek MT7531 PHY mt7530-0:03: extend_an_new_lp_cnt_limit: Training Indicator: 0x8010
[   28.250795] MediaTek MT7531 PHY mt7530-0:02: extend_an_new_lp_cnt_limit: Training Indicator: 0x10
[   28.251644] MediaTek MT7531 PHY mt7530-0:03: mtk_gphy_cl22_read_status: counter limit ret: 0
[   28.260481] MediaTek MT7531 PHY mt7530-0:02: mtk_gphy_cl22_read_status: counter limit ret: 0
[   28.269097] mt7530-mdio mdio-bus:1f lan5: Link is Down
[   28.450923] mt7530-mdio mdio-bus:1f lan1: Link is Up - 2.5Gbps/Full - flow control rx/tx
[   28.792655] MediaTek MT7531 PHY mt7530-0:03: extend_an_new_lp_cnt_limit: Training Indicator: 0x8010
[   28.801803] MediaTek MT7531 PHY mt7530-0:03: mtk_gphy_cl22_read_status: counter limit ret: 0
[   29.322601] MediaTek MT7531 PHY mt7530-0:03: extend_an_new_lp_cnt_limit: Training Indicator: 0x8010
[   29.331646] MediaTek MT7531 PHY mt7530-0:03: mtk_gphy_cl22_read_status: counter limit ret: 0
[   29.854649] MediaTek MT7531 PHY mt7530-0:03: extend_an_new_lp_cnt_limit: Training Indicator: 0x8010
[   29.863687] MediaTek MT7531 PHY mt7530-0:03: mtk_gphy_cl22_read_status: counter limit ret: 0
[   29.872357] br-lan: port 5(lan5) entered disabled state
[   29.877680] br-lan: port 1(lan1) entered blocking state
[   29.882909] br-lan: port 1(lan1) entered forwarding state
[   30.409784] MediaTek MT7531 PHY mt7530-0:03: extend_an_new_lp_cnt_limit: Training Indicator: 0x8010
[   30.418840] MediaTek MT7531 PHY mt7530-0:03: mtk_gphy_cl22_read_status: counter limit ret: 0
[   30.422798] mt7530-mdio mdio-bus:1f lan4: Link is Up - 100Mbps/Full - flow control rx/tx
[   30.427310] br-lan: port 4(lan4) entered blocking state
[   30.440526] br-lan: port 4(lan4) entered forwarding state
[   30.956704] MediaTek MT7531 PHY mt7530-0:03: extend_an_new_lp_cnt_limit: Training Indicator: 0x8010
[   30.965752] MediaTek MT7531 PHY mt7530-0:03: mtk_gphy_cl22_read_status: counter limit ret: 0
[   31.487987] MediaTek MT7531 PHY mt7530-0:03: extend_an_new_lp_cnt_limit: Training Indicator: 0x150
[   31.496947] MediaTek MT7531 PHY mt7530-0:03: mtk_gphy_cl22_read_status: counter limit ret: 0
[   31.520180] mtk_soc_eth 15100000.ethernet eth1: Link is Down
[   32.034920] MediaTek MT7531 PHY mt7530-0:03: extend_an_new_lp_cnt_limit: Training Indicator: 0x50
[   32.043793] MediaTek MT7531 PHY mt7530-0:03: mtk_gphy_cl22_read_status: counter limit ret: 0
[   32.562601] MediaTek MT7531 PHY mt7530-0:03: extend_an_new_lp_cnt_limit: Training Indicator: 0x50
[   32.571461] MediaTek MT7531 PHY mt7530-0:03: mtk_gphy_cl22_read_status: counter limit ret: 0
[   33.091322] MediaTek MT7531 PHY mt7530-0:03: extend_an_new_lp_cnt_limit: Training Indicator: 0x50
[   33.100185] MediaTek MT7531 PHY mt7530-0:03: mtk_gphy_cl22_read_status: counter limit ret: 0
[   33.612602] MediaTek MT7531 PHY mt7530-0:03: extend_an_new_lp_cnt_limit: Training Indicator: 0x10
[   33.621476] MediaTek MT7531 PHY mt7530-0:03: mtk_gphy_cl22_read_status: counter limit ret: 0
[   34.144654] MediaTek MT7531 PHY mt7530-0:03: extend_an_new_lp_cnt_limit: Training Indicator: 0x10
[   34.153529] MediaTek MT7531 PHY mt7530-0:03: mtk_gphy_cl22_read_status: counter limit ret: 0
[   34.320448] rtl8192cu: MAC auto ON okay!
[   34.358941] rtl8192cu: Tx queue select: 0x05
[   35.216821] br-lan: port 6(phy0-ap0) entered blocking state
[   35.222460] br-lan: port 6(phy0-ap0) entered disabled state
[   35.228179] mt798x-wmac 18000000.wifi phy0-ap0: entered allmulticast mode
[   35.235343] mt798x-wmac 18000000.wifi phy0-ap0: entered promiscuous mode
[   35.242371] br-lan: port 6(phy0-ap0) entered blocking state
[   35.247970] br-lan: port 6(phy0-ap0) entered forwarding state
[   35.343105] br-lan: port 7(phy1-ap0) entered blocking state
[   35.348681] br-lan: port 7(phy1-ap0) entered disabled state
[   35.354360] mt798x-wmac 18000000.wifi phy1-ap0: entered allmulticast mode
[   35.361373] mt798x-wmac 18000000.wifi phy1-ap0: entered promiscuous mode
[   35.368277] br-lan: port 7(phy1-ap0) entered blocking state
[   35.373889] br-lan: port 7(phy1-ap0) entered forwarding state
[   35.761738] br-lan: port 6(phy0-ap0) entered disabled state
[   35.767595] br-lan: port 7(phy1-ap0) entered disabled state
[   36.127012] mt7530-mdio mdio-bus:1f lan5: Link is Up - 1Gbps/Full - flow control rx/tx
[   36.128623] br-lan: port 5(lan5) entered blocking state
[   36.140170] br-lan: port 5(lan5) entered forwarding state
[   36.614010] mtk_soc_eth 15100000.ethernet eth1: Link is Up - 1Gbps/Full - flow control rx/tx
[   37.684041] br-lan: port 6(phy0-ap0) entered blocking state
[   37.689630] br-lan: port 6(phy0-ap0) entered forwarding state
