root@MT6000:~# dmesg
[    0.000000] Booting Linux on physical CPU 0x0000000000 [0x410fd034]
[    0.000000] Linux version 6.6.50 (ubundesk@ubundesk-B560M) (aarch64-openwrt-linux-musl-gcc (OpenWrt GCC 13.3.0 r27310-90355f8145) 13.3.0, GNU ld (GNU Binutils) 2.42) #0 SMP Tue Sep 10 15:16:10 2024
[    0.000000] Machine model: GL.iNet GL-MT6000
[    0.000000] OF: reserved mem: 0x0000000042ff0000..0x0000000042ffffff (64 KiB) map non-reusable ramoops@42ff0000
[    0.000000] OF: reserved mem: 0x0000000043000000..0x000000004302ffff (192 KiB) nomap non-reusable secmon@43000000
[    0.000000] OF: reserved mem: 0x000000004fc00000..0x000000004fcfffff (1024 KiB) nomap non-reusable wmcpu-reserved@4fc00000
[    0.000000] OF: reserved mem: 0x000000004fd00000..0x000000004fd3ffff (256 KiB) nomap non-reusable wo-emi@4fd00000
[    0.000000] OF: reserved mem: 0x000000004fd40000..0x000000004fd7ffff (256 KiB) nomap non-reusable wo-emi@4fd40000
[    0.000000] OF: reserved mem: 0x000000004fd80000..0x000000004ffbffff (2304 KiB) nomap non-reusable wo-data@4fd80000
[    0.000000] Zone ranges:
[    0.000000]   DMA      [mem 0x0000000040000000-0x000000007fffffff]
[    0.000000]   DMA32    empty
[    0.000000]   Normal   empty
[    0.000000] Movable zone start for each node
[    0.000000] Early memory node ranges
[    0.000000]   node   0: [mem 0x0000000040000000-0x0000000042ffffff]
[    0.000000]   node   0: [mem 0x0000000043000000-0x000000004302ffff]
[    0.000000]   node   0: [mem 0x0000000043030000-0x000000004fbfffff]
[    0.000000]   node   0: [mem 0x000000004fc00000-0x000000004ffbffff]
[    0.000000]   node   0: [mem 0x000000004ffc0000-0x000000007fffffff]
[    0.000000] Initmem setup node 0 [mem 0x0000000040000000-0x000000007fffffff]
[    0.000000] psci: probing for conduit method from DT.
[    0.000000] psci: PSCIv1.1 detected in firmware.
[    0.000000] psci: Using standard PSCI v0.2 function IDs
[    0.000000] psci: MIGRATE_INFO_TYPE not supported.
[    0.000000] psci: SMC Calling Convention v1.2
[    0.000000] percpu: Embedded 18 pages/cpu s34600 r8192 d30936 u73728
[    0.000000] pcpu-alloc: s34600 r8192 d30936 u73728 alloc=18*4096
[    0.000000] pcpu-alloc: [0] 0 [0] 1 [0] 2 [0] 3 
[    0.000000] Detected VIPT I-cache on CPU0
[    0.000000] CPU features: detected: GIC system register CPU interface
[    0.000000] CPU features: kernel page table isolation disabled by kernel configuration
[    0.000000] alternatives: applying boot alternatives
[    0.000000] Kernel command line:  root=PARTLABEL=rootfs rootwait
[    0.000000] Dentry cache hash table entries: 131072 (order: 8, 1048576 bytes, linear)
[    0.000000] Inode-cache hash table entries: 65536 (order: 7, 524288 bytes, linear)
[    0.000000] Built 1 zonelists, mobility grouping on.  Total pages: 258048
[    0.000000] mem auto-init: stack:off, heap alloc:off, heap free:off
[    0.000000] software IO TLB: SWIOTLB bounce buffer size adjusted to 1MB
[    0.000000] software IO TLB: area num 4.
[    0.000000] software IO TLB: mapped [mem 0x000000007fb05000-0x000000007fc05000] (1MB)
[    0.000000] Memory: 1009984K/1048576K available (8704K kernel code, 898K rwdata, 2544K rodata, 448K init, 287K bss, 38592K reserved, 0K cma-reserved)
[    0.000000] SLUB: HWalign=64, Order=0-3, MinObjects=0, CPUs=4, Nodes=1
[    0.000000] rcu: Hierarchical RCU implementation.
[    0.000000] 	Tracing variant of Tasks RCU enabled.
[    0.000000] rcu: RCU calculated value of scheduler-enlistment delay is 10 jiffies.
[    0.000000] NR_IRQS: 64, nr_irqs: 64, preallocated irqs: 0
[    0.000000] GICv3: GIC: Using split EOI/Deactivate mode
[    0.000000] GICv3: 640 SPIs implemented
[    0.000000] GICv3: 0 Extended SPIs implemented
[    0.000000] Root IRQ handler: gic_handle_irq
[    0.000000] GICv3: GICv3 features: 16 PPIs
[    0.000000] GICv3: CPU0: found redistributor 0 region 0:0x000000000c080000
[    0.000000] rcu: srcu_init: Setting srcu_struct sizes based on contention.
[    0.000000] arch_timer: cp15 timer(s) running at 13.00MHz (phys).
[    0.000000] clocksource: arch_sys_counter: mask: 0xffffffffffffff max_cycles: 0x2ff89eacb, max_idle_ns: 440795202429 ns
[    0.000000] sched_clock: 56 bits at 13MHz, resolution 76ns, wraps every 4398046511101ns
[    0.000058] Calibrating delay loop (skipped), value calculated using timer frequency.. 26.00 BogoMIPS (lpj=130000)
[    0.000065] pid_max: default: 32768 minimum: 301
[    0.002066] Mount-cache hash table entries: 2048 (order: 2, 16384 bytes, linear)
[    0.002074] Mountpoint-cache hash table entries: 2048 (order: 2, 16384 bytes, linear)
[    0.003628] cacheinfo: Unable to detect cache hierarchy for CPU 0
[    0.004013] RCU Tasks Trace: Setting shift to 2 and lim to 1 rcu_task_cb_adjust=1.
[    0.004117] rcu: Hierarchical SRCU implementation.
[    0.004119] rcu: 	Max phase no-delay instances is 1000.
[    0.004427] smp: Bringing up secondary CPUs ...
[    0.004682] Detected VIPT I-cache on CPU1
[    0.004716] GICv3: CPU1: found redistributor 1 region 0:0x000000000c0a0000
[    0.004744] CPU1: Booted secondary processor 0x0000000001 [0x410fd034]
[    0.005033] Detected VIPT I-cache on CPU2
[    0.005052] GICv3: CPU2: found redistributor 2 region 0:0x000000000c0c0000
[    0.005062] CPU2: Booted secondary processor 0x0000000002 [0x410fd034]
[    0.005316] Detected VIPT I-cache on CPU3
[    0.005332] GICv3: CPU3: found redistributor 3 region 0:0x000000000c0e0000
[    0.005341] CPU3: Booted secondary processor 0x0000000003 [0x410fd034]
[    0.005368] smp: Brought up 1 node, 4 CPUs
[    0.005372] SMP: Total of 4 processors activated.
[    0.005374] CPU features: detected: 32-bit EL0 Support
[    0.005376] CPU features: detected: CRC32 instructions
[    0.005402] CPU features: emulated: Privileged Access Never (PAN) using TTBR0_EL1 switching
[    0.005405] CPU: All CPU(s) started at EL2
[    0.005407] alternatives: applying system-wide alternatives
[    0.008127] clocksource: jiffies: mask: 0xffffffff max_cycles: 0xffffffff, max_idle_ns: 19112604462750000 ns
[    0.008142] futex hash table entries: 1024 (order: 4, 65536 bytes, linear)
[    0.009018] pinctrl core: initialized pinctrl subsystem
[    0.009671] NET: Registered PF_NETLINK/PF_ROUTE protocol family
[    0.010202] DMA: preallocated 128 KiB GFP_KERNEL pool for atomic allocations
[    0.010221] DMA: preallocated 128 KiB GFP_KERNEL|GFP_DMA pool for atomic allocations
[    0.010237] DMA: preallocated 128 KiB GFP_KERNEL|GFP_DMA32 pool for atomic allocations
[    0.010531] thermal_sys: Registered thermal governor 'fair_share'
[    0.010535] thermal_sys: Registered thermal governor 'bang_bang'
[    0.010536] thermal_sys: Registered thermal governor 'step_wise'
[    0.010538] thermal_sys: Registered thermal governor 'user_space'
[    0.010583] ASID allocator initialised with 65536 entries
[    0.011334] pstore: Using crash dump compression: deflate
[    0.011337] pstore: Registered ramoops as persistent store backend
[    0.011339] ramoops: using 0x10000@0x42ff0000, ecc: 0
[    0.016834] Modules: 29504 pages in range for non-PLT usage
[    0.016842] Modules: 521024 pages in range for PLT usage
[    0.017761] cryptd: max_cpu_qlen set to 1000
[    0.019266] SCSI subsystem initialized
[    0.019376] libata version 3.00 loaded.
[    0.020463] clocksource: Switched to clocksource arch_sys_counter
[    0.022143] NET: Registered PF_INET protocol family
[    0.022233] IP idents hash table entries: 16384 (order: 5, 131072 bytes, linear)
[    0.023240] tcp_listen_portaddr_hash hash table entries: 512 (order: 1, 8192 bytes, linear)
[    0.023252] Table-perturb hash table entries: 65536 (order: 6, 262144 bytes, linear)
[    0.023259] TCP established hash table entries: 8192 (order: 4, 65536 bytes, linear)
[    0.023295] TCP bind hash table entries: 8192 (order: 6, 262144 bytes, linear)
[    0.023457] TCP: Hash tables configured (established 8192 bind 8192)
[    0.023532] UDP hash table entries: 512 (order: 2, 16384 bytes, linear)
[    0.023548] UDP-Lite hash table entries: 512 (order: 2, 16384 bytes, linear)
[    0.023697] NET: Registered PF_UNIX/PF_LOCAL protocol family
[    0.023719] PCI: CLS 0 bytes, default 64
[    0.024610] workingset: timestamp_bits=46 max_order=18 bucket_order=0
[    0.027868] squashfs: version 4.0 (2009/01/31) Phillip Lougher
[    0.027873] jffs2: version 2.2 (NAND) (SUMMARY) (LZMA) (RTIME) (CMODE_PRIORITY) (c) 2001-2006 Red Hat, Inc.
[    0.053408] Serial: 8250/16550 driver, 3 ports, IRQ sharing disabled
[    0.054401] printk: console [ttyS0] disabled
[    0.074731] 11002000.serial: ttyS0 at MMIO 0x11002000 (irq = 116, base_baud = 2500000) is a ST16650V2
[    0.074769] printk: console [ttyS0] enabled
[    0.836246] mtk_rng 1020f000.rng: registered RNG driver
[    0.844240] loop: module loaded
[    0.972127] i2c_dev: i2c /dev entries driver
[    0.977723] mtk-wdt 1001c000.watchdog: Watchdog enabled (timeout=31 sec, nowayout=0)
[    0.986515] NET: Registered PF_INET6 protocol family
[    0.992175] Segment Routing with IPv6
[    0.995854] In-situ OAM (IOAM) with IPv6
[    0.999797] NET: Registered PF_PACKET protocol family
[    1.004949] 8021q: 802.1Q VLAN Support v1.8
[    1.068870] mtk-msdc 11230000.mmc: Final PAD_DS_TUNE: 0x14414
[    1.074825] mmc0: new HS400 MMC card at address 0001
[    1.081113] mmcblk0: mmc0:0001 8GTF4R 7.28 GiB
[    1.086567] GPT:Primary header thinks Alt. header is not at the end of the disk.
[    1.093966] GPT:1 != 15269887
[    1.096920] GPT:Alternate GPT header not at the end of the disk.
[    1.102907] GPT:1 != 15269887
[    1.105858] GPT: Use GNU Parted to correct GPT errors.
[    1.111055]  mmcblk0: p1 p2 p3 p4 p5 p6 p7
[    1.116533] mmcblk0boot0: mmc0:0001 8GTF4R 4.00 MiB
[    1.122273] mmcblk0boot1: mmc0:0001 8GTF4R 4.00 MiB
[    1.127380] mmcblk0rpmb: mmc0:0001 8GTF4R 512 KiB, chardev (251:0)
[    1.883443] mtk_soc_eth 15100000.ethernet eth0: mediatek frame engine at 0xffffffc081c80000, irq 119
[    1.893380] mtk_soc_eth 15100000.ethernet eth1: mediatek frame engine at 0xffffffc081c80000, irq 119
[    2.000937] mt7530-mdio mdio-bus:1f: configuring for fixed/2500base-x link mode
[    2.009891] mt7530-mdio mdio-bus:1f: Link is Up - 2.5Gbps/Full - flow control rx/tx
[    2.020633] mt7530-mdio mdio-bus:1f lan2 (uninitialized): PHY [mt7530-0:00] driver [MediaTek MT7531 PHY] (irq=124)
[    2.042799] mt7530-mdio mdio-bus:1f lan3 (uninitialized): PHY [mt7530-0:01] driver [MediaTek MT7531 PHY] (irq=125)
[    2.064703] mt7530-mdio mdio-bus:1f lan4 (uninitialized): PHY [mt7530-0:02] driver [MediaTek MT7531 PHY] (irq=126)
[    2.086643] mt7530-mdio mdio-bus:1f lan5 (uninitialized): PHY [mt7530-0:03] driver [MediaTek MT7531 PHY] (irq=127)
[    2.330608] mt7530-mdio mdio-bus:1f lan1 (uninitialized): PHY [mdio-bus:07] driver [RTL8221B-VB-CG 2.5Gbps PHY (C45)] (irq=62)
[    2.342689] mtk_soc_eth 15100000.ethernet eth0: entered promiscuous mode
[    2.349399] DSA: tree 0 setup
[    2.352608] clk: Disabling unused clocks
[    2.359110] VFS: Mounted root (squashfs filesystem) readonly on device 179:7.
[    2.366429] Freeing unused kernel memory: 448K
[    2.370907] Run /sbin/init as init process
[    2.374986]   with arguments:
[    2.377938]     /sbin/init
[    2.380634]   with environment:
[    2.383759]     HOME=/
[    2.386103]     TERM=linux
[    2.480808] init: Console is alive
[    2.484301] init: - watchdog -
[    2.828681] kmodloader: loading kernel modules from /etc/modules-boot.d/*
[    2.850291] usbcore: registered new interface driver usbfs
[    2.855828] usbcore: registered new interface driver hub
[    2.861165] usbcore: registered new device driver usb
[    2.871225] gpio_button_hotplug: loading out-of-tree module taints kernel.
[    2.883395] xhci-mtk 11200000.usb: xHCI Host Controller
[    2.888626] xhci-mtk 11200000.usb: new USB bus registered, assigned bus number 1
[    2.899082] xhci-mtk 11200000.usb: hcc params 0x01403f99 hci version 0x110 quirks 0x0000000000200010
[    2.908236] xhci-mtk 11200000.usb: irq 128, io mem 0x11200000
[    2.914061] xhci-mtk 11200000.usb: xHCI Host Controller
[    2.919272] xhci-mtk 11200000.usb: new USB bus registered, assigned bus number 2
[    2.926663] xhci-mtk 11200000.usb: Host supports USB 3.2 Enhanced SuperSpeed
[    2.934042] hub 1-0:1.0: USB hub found
[    2.937796] hub 1-0:1.0: 2 ports detected
[    2.942133] usb usb2: We don't know the algorithms for LPM for this host, disabling LPM.
[    2.950524] hub 2-0:1.0: USB hub found
[    2.954290] hub 2-0:1.0: 1 port detected
[    2.962730] usbcore: registered new interface driver usb-storage
[    2.968936] kmodloader: done loading kernel modules from /etc/modules-boot.d/*
[    2.986824] init: - preinit -
[    3.258959] mtk_soc_eth 15100000.ethernet eth0: configuring for fixed/2500base-x link mode
[    3.267433] mtk_soc_eth 15100000.ethernet eth0: Link is Up - 2.5Gbps/Full - flow control rx/tx
[    3.285515] mt7530-mdio mdio-bus:1f lan1: configuring for phy/2500base-x link mode
[    3.410474] usb 1-2: new high-speed USB device number 2 using xhci-mtk
[    3.603787] hub 1-2:1.0: USB hub found
[    3.607621] hub 1-2:1.0: 4 ports detected
[    4.620466] usb 1-2.3: new high-speed USB device number 3 using xhci-mtk
[    4.817507] usb-storage 1-2.3:1.0: USB Mass Storage device detected
[    4.824117] scsi host0: usb-storage 1-2.3:1.0
[    4.970466] usb 1-2.4: new high-speed USB device number 4 using xhci-mtk
[    5.568170] loop0: detected capacity change from 0 to 15178752
[    5.630505] loop0: detected capacity change from 15178752 to 15150848
[    5.699936] F2FS-fs (loop0): Mounted with checkpoint version = 30a3e8a4
[    5.707059] mount_root: switching to f2fs overlay
[    5.712397] overlayfs: null uuid detected in lower fs '/', falling back to xino=off,index=off,nfs_export=off.
[    5.723551] urandom-seed: Seeding with /etc/urandom.seed
[    5.762757] random: procd: uninitialized urandom read (4 bytes read)
[    5.765965] procd: - early -
[    5.772103] procd: - watchdog -
[    5.831474] scsi 0:0:0:0: Direct-Access     Kingston DataTraveler 3.0      PQ: 0 ANSI: 6
[    5.841000] sd 0:0:0:0: [sda] 60437492 512-byte logical blocks: (30.9 GB/28.8 GiB)
[    5.848831] sd 0:0:0:0: [sda] Write Protect is off
[    5.853627] sd 0:0:0:0: [sda] Mode Sense: 4f 00 00 00
[    5.858933] sd 0:0:0:0: [sda] Write cache: disabled, read cache: enabled, doesn't support DPO or FUA
[    5.871687]  sda: sda1
[    5.874296] sd 0:0:0:0: [sda] Attached SCSI removable disk
[    6.374429] procd: - watchdog -
[    6.387596] procd: - ubus -
[    7.153271] F2FS-fs (sda1): Mounted with checkpoint version = 61809e4f
[   11.350703] random: crng init done
[   11.355940] procd: - init -
[   11.588030] kmodloader: loading kernel modules from /etc/modules.d/*
[   11.616156] tun: Universal TUN/TAP device driver, 1.6
[   11.625313] cryptodev: driver 1.13 loaded.
[   11.630296] GACT probability on
[   11.634104] Mirror/redirect action on
[   11.641974] u32 classifier
[   11.644682]     input device check on
[   11.648326]     Actions configured
[   11.656247] Simple TC action Loaded
[   11.668030] ntfs3: Enabled Linux POSIX ACLs support
[   11.675369] crypto-safexcel 10320000.crypto: EIP97:230(0,1,4,4)-HIA:270(0,5,5),PE:150/433(alg:7fcdfc00)/0/0/0
[   11.691212] Loading modules backported from Linux version v6.9.9-0-g28fdf4518483
[   11.698603] Backport generated by backports.git v6.1.97-1-29-gf1d24a3683b2
[   11.707601] urngd: v1.0.2 started.
[   11.721592] xt_time: kernel timezone is -0000
[   14.104633] mt798x-wmac 18000000.wifi: HW/SW Version: 0x8a108a10, Build Time: 20240823160656a
[   14.104633] 
[   14.209543] mt798x-wmac 18000000.wifi: WM Firmware Version: ____000000, Build Time: 20240823160721
[   14.292122] mt798x-wmac 18000000.wifi: WA Firmware Version: DEV_000000, Build Time: 20240823160840
[   14.440392] mt798x-wmac 18000000.wifi: registering led 'mt76-phy0'
[   14.511794] mt798x-wmac 18000000.wifi: registering led 'mt76-phy1'
[   18.340904] wireguard: WireGuard 1.0.0 loaded. See www.wireguard.com for information.
[   18.348724] wireguard: Copyright (C) 2015-2019 Jason A. Donenfeld <Jason@zx2c4.com>. All Rights Reserved.
[   18.363074] rtl8192cu: Chip version 0x11
[   18.415392] rtl8192cu: Board Type 0
[   18.418946] rtl_usb: rx_max_size 15360, rx_urb_num 8, in_ep 1
[   18.424722] rtl8192cu: Loading firmware rtlwifi/rtl8192cufw_TMSC.bin
[   18.431346] ieee80211 phy2: Selected rate control algorithm 'rtl_rc'
[   18.438072] usbcore: registered new interface driver rtl8192cu
[   18.444562] kmodloader: done loading kernel modules from /etc/modules.d/*
[   21.432381] mtk_soc_eth 15100000.ethernet eth0: Link is Down
[   21.449898] mtk_soc_eth 15100000.ethernet eth0: configuring for fixed/2500base-x link mode
[   21.458379] mtk_soc_eth 15100000.ethernet eth0: Link is Up - 2.5Gbps/Full - flow control rx/tx
[   21.460631] mt7530-mdio mdio-bus:1f lan1: configuring for phy/2500base-x link mode
[   21.511202] br-lan: port 1(lan1) entered blocking state
[   21.516432] br-lan: port 1(lan1) entered disabled state
[   21.521769] mt7530-mdio mdio-bus:1f lan1: entered allmulticast mode
[   21.528039] mtk_soc_eth 15100000.ethernet eth0: entered allmulticast mode
[   21.537749] mt7530-mdio mdio-bus:1f lan1: entered promiscuous mode
[   21.555770] mt7530-mdio mdio-bus:1f lan2: configuring for phy/gmii link mode
[   22.071338] MediaTek MT7531 PHY mt7530-0:00: extend_an_new_lp_cnt_limit: Training Indicator: 0x8050
[   22.080378] MediaTek MT7531 PHY mt7530-0:00: mtk_gphy_cl22_read_status: counter limit ret: 0
[   22.088824] br-lan: port 2(lan2) entered blocking state
[   22.094041] br-lan: port 2(lan2) entered disabled state
[   22.099282] mt7530-mdio mdio-bus:1f lan2: entered allmulticast mode
[   22.107155] mt7530-mdio mdio-bus:1f lan2: entered promiscuous mode
[   22.122353] mt7530-mdio mdio-bus:1f lan3: configuring for phy/gmii link mode
[   22.642566] MediaTek MT7531 PHY mt7530-0:01: extend_an_new_lp_cnt_limit: Training Indicator: 0x8050
[   22.651659] MediaTek MT7531 PHY mt7530-0:01: mtk_gphy_cl22_read_status: counter limit ret: 0
[   22.660142] br-lan: port 3(lan3) entered blocking state
[   22.665441] br-lan: port 3(lan3) entered disabled state
[   22.670741] mt7530-mdio mdio-bus:1f lan3: entered allmulticast mode
[   22.678934] mt7530-mdio mdio-bus:1f lan3: entered promiscuous mode
[   22.697772] mt7530-mdio mdio-bus:1f lan4: configuring for phy/gmii link mode
[   23.219947] MediaTek MT7531 PHY mt7530-0:02: extend_an_new_lp_cnt_limit: Training Indicator: 0x8010
[   23.228994] MediaTek MT7531 PHY mt7530-0:02: mtk_gphy_cl22_read_status: counter limit ret: 0
[   23.237443] br-lan: port 4(lan4) entered blocking state
[   23.242658] br-lan: port 4(lan4) entered disabled state
[   23.247899] mt7530-mdio mdio-bus:1f lan4: entered allmulticast mode
[   23.256135] mt7530-mdio mdio-bus:1f lan4: entered promiscuous mode
[   23.271845] mt7530-mdio mdio-bus:1f lan5: configuring for phy/gmii link mode
[   23.647341] mt7530-mdio mdio-bus:1f lan1: Link is Up - 2.5Gbps/Full - flow control rx/tx
[   23.794817] MediaTek MT7531 PHY mt7530-0:03: extend_an_new_lp_cnt_limit: Training Indicator: 0x8010
[   23.803847] MediaTek MT7531 PHY mt7530-0:03: mtk_gphy_cl22_read_status: counter limit ret: 0
[   23.812285] br-lan: port 5(lan5) entered blocking state
[   23.817494] br-lan: port 5(lan5) entered disabled state
[   23.822745] mt7530-mdio mdio-bus:1f lan5: entered allmulticast mode
[   23.831128] mt7530-mdio mdio-bus:1f lan5: entered promiscuous mode
[   23.838877] br-lan: port 1(lan1) entered blocking state
[   23.844144] br-lan: port 1(lan1) entered forwarding state
[   24.090536] mtk_soc_eth 15100000.ethernet eth1: PHY [mdio-bus:01] driver [RTL8221B-VB-CG 2.5Gbps PHY (C45)] (irq=61)
[   24.101302] mtk_soc_eth 15100000.ethernet eth1: configuring for phy/2500base-x link mode
[   24.155217] br-lan: port 1(lan1) entered disabled state
[   24.161144] mt7530-mdio mdio-bus:1f lan1: Link is Down
[   24.293093] mt7530-mdio mdio-bus:1f lan4: Link is Up - 100Mbps/Full - flow control rx/tx
[   24.694561] MediaTek MT7531 PHY mt7530-0:00: extend_an_new_lp_cnt_limit: Training Indicator: 0x50
[   24.703432] MediaTek MT7531 PHY mt7530-0:00: mtk_gphy_cl22_read_status: counter limit ret: 0
[   25.190801] mt7530-mdio mdio-bus:1f lan3: Link is Up - 1Gbps/Full - flow control rx/tx
[   25.222504] MediaTek MT7531 PHY mt7530-0:00: extend_an_new_lp_cnt_limit: Training Indicator: 0x50
[   25.231359] MediaTek MT7531 PHY mt7530-0:00: mtk_gphy_cl22_read_status: counter limit ret: 0
[   25.239993] br-lan: port 4(lan4) entered blocking state
[   25.245230] br-lan: port 4(lan4) entered forwarding state
[   25.250756] br-lan: port 3(lan3) entered blocking state
[   25.255972] br-lan: port 3(lan3) entered forwarding state
[   25.743537] MediaTek MT7531 PHY mt7530-0:00: extend_an_new_lp_cnt_limit: Training Indicator: 0x50
[   25.752407] MediaTek MT7531 PHY mt7530-0:00: mtk_gphy_cl22_read_status: counter limit ret: 0
[   26.272540] MediaTek MT7531 PHY mt7530-0:00: extend_an_new_lp_cnt_limit: Training Indicator: 0x50
[   26.281600] MediaTek MT7531 PHY mt7530-0:00: mtk_gphy_cl22_read_status: counter limit ret: 0
[   26.420957] mt7530-mdio mdio-bus:1f lan5: Link is Up - 1Gbps/Full - flow control rx/tx
[   26.805052] MediaTek MT7531 PHY mt7530-0:00: extend_an_new_lp_cnt_limit: Training Indicator: 0x50
[   26.813919] MediaTek MT7531 PHY mt7530-0:00: mtk_gphy_cl22_read_status: counter limit ret: 0
[   27.114156] mtk_soc_eth 15100000.ethernet eth1: Link is Up - 1Gbps/Full - flow control rx/tx
[   27.334901] MediaTek MT7531 PHY mt7530-0:00: extend_an_new_lp_cnt_limit: Training Indicator: 0x50
[   27.343765] MediaTek MT7531 PHY mt7530-0:00: mtk_gphy_cl22_read_status: counter limit ret: 0
[   27.786246] mt7530-mdio mdio-bus:1f lan1: Link is Up - 2.5Gbps/Full - flow control rx/tx
[   27.862505] MediaTek MT7531 PHY mt7530-0:00: extend_an_new_lp_cnt_limit: Training Indicator: 0x110
[   27.871451] MediaTek MT7531 PHY mt7530-0:00: mtk_gphy_cl22_read_status: counter limit ret: 0
[   27.880069] br-lan: port 5(lan5) entered blocking state
[   27.885287] br-lan: port 5(lan5) entered forwarding state
[   27.890933] br-lan: port 1(lan1) entered blocking state
[   27.896145] br-lan: port 1(lan1) entered forwarding state
[   28.412510] MediaTek MT7531 PHY mt7530-0:00: extend_an_new_lp_cnt_limit: Training Indicator: 0x10
[   28.421383] MediaTek MT7531 PHY mt7530-0:00: mtk_gphy_cl22_read_status: counter limit ret: 0
[   28.945588] MediaTek MT7531 PHY mt7530-0:01: extend_an_new_lp_cnt_limit: Training Indicator: 0x8010
[   28.954636] MediaTek MT7531 PHY mt7530-0:01: mtk_gphy_cl22_read_status: counter limit ret: 0
[   28.963163] br-lan: port 3(lan3) entered disabled state
[   28.963251] mt7530-mdio mdio-bus:1f lan3: Link is Down
[   29.472507] MediaTek MT7531 PHY mt7530-0:01: extend_an_new_lp_cnt_limit: Training Indicator: 0x8010
[   29.481548] MediaTek MT7531 PHY mt7530-0:01: mtk_gphy_cl22_read_status: counter limit ret: 0
[   30.004735] MediaTek MT7531 PHY mt7530-0:01: extend_an_new_lp_cnt_limit: Training Indicator: 0x8010
[   30.013786] MediaTek MT7531 PHY mt7530-0:01: mtk_gphy_cl22_read_status: counter limit ret: 0
[   30.536613] MediaTek MT7531 PHY mt7530-0:01: extend_an_new_lp_cnt_limit: Training Indicator: 0x8010
[   30.545659] MediaTek MT7531 PHY mt7530-0:01: mtk_gphy_cl22_read_status: counter limit ret: 0
[   31.063536] MediaTek MT7531 PHY mt7530-0:01: extend_an_new_lp_cnt_limit: Training Indicator: 0x8010
[   31.072583] MediaTek MT7531 PHY mt7530-0:01: mtk_gphy_cl22_read_status: counter limit ret: 0
[   31.076487] mt7530-mdio mdio-bus:1f lan2: Link is Up - 1Gbps/Full - flow control rx/tx
[   31.594560] MediaTek MT7531 PHY mt7530-0:01: extend_an_new_lp_cnt_limit: Training Indicator: 0x8010
[   31.603605] MediaTek MT7531 PHY mt7530-0:01: mtk_gphy_cl22_read_status: counter limit ret: 0
[   32.123036] MediaTek MT7531 PHY mt7530-0:01: extend_an_new_lp_cnt_limit: Training Indicator: 0x8010
[   32.132079] MediaTek MT7531 PHY mt7530-0:01: mtk_gphy_cl22_read_status: counter limit ret: 0
[   32.140848] br-lan: port 2(lan2) entered blocking state
[   32.146066] br-lan: port 2(lan2) entered forwarding state
[   32.669688] MediaTek MT7531 PHY mt7530-0:01: extend_an_new_lp_cnt_limit: Training Indicator: 0x8010
[   32.678733] MediaTek MT7531 PHY mt7530-0:01: mtk_gphy_cl22_read_status: counter limit ret: 0
[   33.203541] MediaTek MT7531 PHY mt7530-0:01: extend_an_new_lp_cnt_limit: Training Indicator: 0x8010
[   33.212582] MediaTek MT7531 PHY mt7530-0:01: mtk_gphy_cl22_read_status: counter limit ret: 0
[   33.738669] MediaTek MT7531 PHY mt7530-0:02: extend_an_new_lp_cnt_limit: Training Indicator: 0x8010
[   33.747717] MediaTek MT7531 PHY mt7530-0:02: mtk_gphy_cl22_read_status: counter limit ret: 0
[   33.756236] br-lan: port 4(lan4) entered disabled state
[   33.756338] mt7530-mdio mdio-bus:1f lan4: Link is Down
[   34.271404] MediaTek MT7531 PHY mt7530-0:02: extend_an_new_lp_cnt_limit: Training Indicator: 0x8010
[   34.280436] MediaTek MT7531 PHY mt7530-0:02: mtk_gphy_cl22_read_status: counter limit ret: 0
[   34.798708] MediaTek MT7531 PHY mt7530-0:02: extend_an_new_lp_cnt_limit: Training Indicator: 0x8010
[   34.807753] MediaTek MT7531 PHY mt7530-0:02: mtk_gphy_cl22_read_status: counter limit ret: 0
[   35.327984] MediaTek MT7531 PHY mt7530-0:02: extend_an_new_lp_cnt_limit: Training Indicator: 0x8010
[   35.337026] MediaTek MT7531 PHY mt7530-0:02: mtk_gphy_cl22_read_status: counter limit ret: 0
[   35.341820] mt7530-mdio mdio-bus:1f lan3: Link is Up - 1Gbps/Full - flow control rx/tx
[   35.854583] MediaTek MT7531 PHY mt7530-0:02: extend_an_new_lp_cnt_limit: Training Indicator: 0x8010
[   35.863626] MediaTek MT7531 PHY mt7530-0:02: mtk_gphy_cl22_read_status: counter limit ret: 0
[   36.383092] MediaTek MT7531 PHY mt7530-0:02: extend_an_new_lp_cnt_limit: Training Indicator: 0x95b4
[   36.392139] MediaTek MT7531 PHY mt7530-0:02: mtk_gphy_cl22_read_status: counter limit ret: 0
[   36.405670] mt7530-mdio mdio-bus:1f lan4: Link is Up - 100Mbps/Full - flow control off
[   36.920463] MediaTek MT7531 PHY mt7530-0:02: extend_an_new_lp_cnt_limit: Training Indicator: 0x8010
[   36.929501] MediaTek MT7531 PHY mt7530-0:02: mtk_gphy_cl22_read_status: counter limit ret: 0
[   36.938110] mt7530-mdio mdio-bus:1f lan4: Link is Down
[   37.444568] MediaTek MT7531 PHY mt7530-0:02: extend_an_new_lp_cnt_limit: Training Indicator: 0x8010
[   37.453607] MediaTek MT7531 PHY mt7530-0:02: mtk_gphy_cl22_read_status: counter limit ret: 0
[   37.462104] br-lan: port 3(lan3) entered blocking state
[   37.467316] br-lan: port 3(lan3) entered forwarding state
[   37.975588] MediaTek MT7531 PHY mt7530-0:02: extend_an_new_lp_cnt_limit: Training Indicator: 0x8010
[   37.984622] MediaTek MT7531 PHY mt7530-0:02: mtk_gphy_cl22_read_status: counter limit ret: 0
[   38.002187] rtl8192cu: MAC auto ON okay!
[   38.030483] rtl8192cu: Tx queue select: 0x05
[   38.931627] MediaTek MT7531 PHY mt7530-0:02: extend_an_new_lp_cnt_limit: Training Indicator: 0x50
[   38.940497] MediaTek MT7531 PHY mt7530-0:02: mtk_gphy_cl22_read_status: counter limit ret: 0
[   39.464825] MediaTek MT7531 PHY mt7530-0:03: extend_an_new_lp_cnt_limit: Training Indicator: 0x8050
[   39.473871] MediaTek MT7531 PHY mt7530-0:03: mtk_gphy_cl22_read_status: counter limit ret: 0
[   39.482400] br-lan: port 5(lan5) entered disabled state
[   39.482487] mt7530-mdio mdio-bus:1f lan5: Link is Down
[   39.987128] MediaTek MT7531 PHY mt7530-0:03: extend_an_new_lp_cnt_limit: Training Indicator: 0x8050
[   39.996164] MediaTek MT7531 PHY mt7530-0:03: mtk_gphy_cl22_read_status: counter limit ret: 0
[   40.525608] MediaTek MT7531 PHY mt7530-0:03: extend_an_new_lp_cnt_limit: Training Indicator: 0x10
[   40.534510] MediaTek MT7531 PHY mt7530-0:03: mtk_gphy_cl22_read_status: counter limit ret: 0
[   41.050989] MediaTek MT7531 PHY mt7530-0:03: extend_an_new_lp_cnt_limit: Training Indicator: 0x10
[   41.059852] MediaTek MT7531 PHY mt7530-0:03: mtk_gphy_cl22_read_status: counter limit ret: 0
[   41.584821] MediaTek MT7531 PHY mt7530-0:03: extend_an_new_lp_cnt_limit: Training Indicator: 0x10
[   41.593694] MediaTek MT7531 PHY mt7530-0:03: mtk_gphy_cl22_read_status: counter limit ret: 0
[   42.116360] MediaTek MT7531 PHY mt7530-0:03: extend_an_new_lp_cnt_limit: Training Indicator: 0x10
[   42.125234] MediaTek MT7531 PHY mt7530-0:03: mtk_gphy_cl22_read_status: counter limit ret: 0
[   42.642511] MediaTek MT7531 PHY mt7530-0:03: extend_an_new_lp_cnt_limit: Training Indicator: 0x10
[   42.651382] MediaTek MT7531 PHY mt7530-0:03: mtk_gphy_cl22_read_status: counter limit ret: 0
[   43.173538] MediaTek MT7531 PHY mt7530-0:03: extend_an_new_lp_cnt_limit: Training Indicator: 0x10
[   43.182410] MediaTek MT7531 PHY mt7530-0:03: mtk_gphy_cl22_read_status: counter limit ret: 0
[   43.195178] mtk_soc_eth 15100000.ethernet eth1: Link is Down
[   43.708411] MediaTek MT7531 PHY mt7530-0:03: extend_an_new_lp_cnt_limit: Training Indicator: 0x10
[   43.712761] MediaTek MT7531 PHY mt7530-0:00: extend_an_new_lp_cnt_limit: Training Indicator: 0x8010
[   43.717283] MediaTek MT7531 PHY mt7530-0:03: mtk_gphy_cl22_read_status: counter limit ret: 0
[   43.726299] MediaTek MT7531 PHY mt7530-0:00: mtk_gphy_cl22_read_status: counter limit ret: 0
[   43.743330] mt7530-mdio mdio-bus:1f lan2: Link is Down
[   43.748486] br-lan: port 2(lan2) entered disabled state
[   44.069465] mt7530-mdio mdio-bus:1f lan4: Link is Up - 100Mbps/Full - flow control rx/tx
[   44.252511] MediaTek MT7531 PHY mt7530-0:00: extend_an_new_lp_cnt_limit: Training Indicator: 0x8010
[   44.261558] MediaTek MT7531 PHY mt7530-0:00: mtk_gphy_cl22_read_status: counter limit ret: 0
[   44.270094] br-lan: port 4(lan4) entered blocking state
[   44.275317] br-lan: port 4(lan4) entered forwarding state
[   44.790720] MediaTek MT7531 PHY mt7530-0:01: extend_an_new_lp_cnt_limit: Training Indicator: 0x8010
[   44.794826] MediaTek MT7531 PHY mt7530-0:00: extend_an_new_lp_cnt_limit: Training Indicator: 0x8010
[   44.799758] MediaTek MT7531 PHY mt7530-0:01: mtk_gphy_cl22_read_status: counter limit ret: 0
[   44.808781] MediaTek MT7531 PHY mt7530-0:00: mtk_gphy_cl22_read_status: counter limit ret: 0
[   44.826345] mt7530-mdio mdio-bus:1f lan3: Link is Down
[   45.338919] MediaTek MT7531 PHY mt7530-0:01: extend_an_new_lp_cnt_limit: Training Indicator: 0x8010
[   45.347969] MediaTek MT7531 PHY mt7530-0:01: mtk_gphy_cl22_read_status: counter limit ret: 0
[   45.356486] br-lan: port 3(lan3) entered disabled state
[   45.824848] mt7530-mdio mdio-bus:1f lan5: Link is Up - 1Gbps/Full - flow control rx/tx
[   45.870983] MediaTek MT7531 PHY mt7530-0:01: extend_an_new_lp_cnt_limit: Training Indicator: 0x8010
[   45.880008] MediaTek MT7531 PHY mt7530-0:01: mtk_gphy_cl22_read_status: counter limit ret: 0
[   46.371299] mtk_soc_eth 15100000.ethernet eth1: Link is Up - 1Gbps/Full - flow control rx/tx
[   46.403793] MediaTek MT7531 PHY mt7530-0:02: extend_an_new_lp_cnt_limit: Training Indicator: 0x8010
[   46.412825] MediaTek MT7531 PHY mt7530-0:02: mtk_gphy_cl22_read_status: counter limit ret: 0
[   46.421428] mt7530-mdio mdio-bus:1f lan4: Link is Down
[   46.935589] MediaTek MT7531 PHY mt7530-0:02: extend_an_new_lp_cnt_limit: Training Indicator: 0x8010
[   46.939685] MediaTek MT7531 PHY mt7530-0:03: extend_an_new_lp_cnt_limit: Training Indicator: 0x8010
[   46.944631] MediaTek MT7531 PHY mt7530-0:02: mtk_gphy_cl22_read_status: counter limit ret: 0
[   46.962083] MediaTek MT7531 PHY mt7530-0:03: mtk_gphy_cl22_read_status: counter limit ret: 0
[   46.970688] mt7530-mdio mdio-bus:1f lan5: Link is Down
[   47.233420] mt7530-mdio mdio-bus:1f lan2: Link is Up - 1Gbps/Full - flow control rx/tx
[   47.483535] MediaTek MT7531 PHY mt7530-0:03: extend_an_new_lp_cnt_limit: Training Indicator: 0x8010
[   47.492595] MediaTek MT7531 PHY mt7530-0:03: mtk_gphy_cl22_read_status: counter limit ret: 0
[   47.501239] br-lan: port 4(lan4) entered disabled state
[   47.506831] br-lan: port 2(lan2) entered blocking state
[   47.512051] br-lan: port 2(lan2) entered forwarding state
[   48.028665] MediaTek MT7531 PHY mt7530-0:03: extend_an_new_lp_cnt_limit: Training Indicator: 0x8010
[   48.037716] MediaTek MT7531 PHY mt7530-0:03: mtk_gphy_cl22_read_status: counter limit ret: 0
[   48.074530] mt7530-mdio mdio-bus:1f lan4: Link is Up - 100Mbps/Full - flow control rx/tx
[   48.123908] mt7530-mdio mdio-bus:1f lan3: Link is Up - 1Gbps/Full - flow control rx/tx
[   48.561761] MediaTek MT7531 PHY mt7530-0:03: extend_an_new_lp_cnt_limit: Training Indicator: 0x8010
[   48.570807] MediaTek MT7531 PHY mt7530-0:03: mtk_gphy_cl22_read_status: counter limit ret: 0
[   49.088165] MediaTek MT7531 PHY mt7530-0:03: extend_an_new_lp_cnt_limit: Training Indicator: 0x8010
[   49.097216] MediaTek MT7531 PHY mt7530-0:03: mtk_gphy_cl22_read_status: counter limit ret: 0
[   49.105790] br-lan: port 4(lan4) entered blocking state
[   49.111014] br-lan: port 4(lan4) entered forwarding state
[   49.116481] br-lan: port 3(lan3) entered blocking state
[   49.121700] br-lan: port 3(lan3) entered forwarding state
[   49.619987] MediaTek MT7531 PHY mt7530-0:03: extend_an_new_lp_cnt_limit: Training Indicator: 0x8010
[   49.629037] MediaTek MT7531 PHY mt7530-0:03: mtk_gphy_cl22_read_status: counter limit ret: 0
[   49.640976] MediaTek MT7531 PHY mt7530-0:02: extend_an_new_lp_cnt_limit: Training Indicator: 0x8010
[   49.649998] MediaTek MT7531 PHY mt7530-0:02: mtk_gphy_cl22_read_status: counter limit ret: 0
[   49.658894] mt7530-mdio mdio-bus:1f lan4: Link is Down
[   50.163286] MediaTek MT7531 PHY mt7530-0:02: extend_an_new_lp_cnt_limit: Training Indicator: 0x8010
[   50.172332] MediaTek MT7531 PHY mt7530-0:02: mtk_gphy_cl22_read_status: counter limit ret: 0
[   50.180912] br-lan: port 4(lan4) entered disabled state
[   50.692510] MediaTek MT7531 PHY mt7530-0:02: extend_an_new_lp_cnt_limit: Training Indicator: 0x8010
[   50.701557] MediaTek MT7531 PHY mt7530-0:02: mtk_gphy_cl22_read_status: counter limit ret: 0
[   51.226620] MediaTek MT7531 PHY mt7530-0:02: extend_an_new_lp_cnt_limit: Training Indicator: 0x8010
[   51.235663] MediaTek MT7531 PHY mt7530-0:02: mtk_gphy_cl22_read_status: counter limit ret: 0
[   51.756671] MediaTek MT7531 PHY mt7530-0:02: extend_an_new_lp_cnt_limit: Training Indicator: 0xc010
[   51.765725] MediaTek MT7531 PHY mt7530-0:02: mtk_gphy_cl22_read_status: counter limit ret: 0
[   51.867081] mt7530-mdio mdio-bus:1f lan5: Link is Up - 1Gbps/Full - flow control rx/tx
[   52.286357] MediaTek MT7531 PHY mt7530-0:02: extend_an_new_lp_cnt_limit: Training Indicator: 0x8010
[   52.295400] MediaTek MT7531 PHY mt7530-0:02: mtk_gphy_cl22_read_status: counter limit ret: 0
[   52.303923] br-lan: port 6(phy0-ap0) entered blocking state
[   52.309484] br-lan: port 6(phy0-ap0) entered disabled state
[   52.315091] mt798x-wmac 18000000.wifi phy0-ap0: entered allmulticast mode
[   52.322017] mt798x-wmac 18000000.wifi phy0-ap0: entered promiscuous mode
[   52.328817] br-lan: port 5(lan5) entered blocking state
[   52.334037] br-lan: port 5(lan5) entered forwarding state
[   52.817427] MediaTek MT7531 PHY mt7530-0:02: extend_an_new_lp_cnt_limit: Training Indicator: 0x8010
[   52.826473] MediaTek MT7531 PHY mt7530-0:02: mtk_gphy_cl22_read_status: counter limit ret: 0
[   53.346870] MediaTek MT7531 PHY mt7530-0:02: extend_an_new_lp_cnt_limit: Training Indicator: 0x8010
[   53.355916] MediaTek MT7531 PHY mt7530-0:02: mtk_gphy_cl22_read_status: counter limit ret: 0
[   53.419450] br-lan: port 7(phy1-ap0) entered blocking state
[   53.425082] br-lan: port 7(phy1-ap0) entered disabled state
[   53.430722] mt798x-wmac 18000000.wifi phy1-ap0: entered allmulticast mode
[   53.437705] mt798x-wmac 18000000.wifi phy1-ap0: entered promiscuous mode
[   53.444587] br-lan: port 7(phy1-ap0) entered blocking state
[   53.450155] br-lan: port 7(phy1-ap0) entered forwarding state
[   53.461783] br-lan: port 7(phy1-ap0) entered disabled state
[   53.872575] MediaTek MT7531 PHY mt7530-0:02: extend_an_new_lp_cnt_limit: Training Indicator: 0x8010
[   53.881740] MediaTek MT7531 PHY mt7530-0:02: mtk_gphy_cl22_read_status: counter limit ret: 0
[   55.572215] br-lan: port 6(phy0-ap0) entered blocking state
[   55.577800] br-lan: port 6(phy0-ap0) entered forwarding state
[   56.435422] mt7530-mdio mdio-bus:1f lan4: Link is Up - 100Mbps/Full - flow control rx/tx
[   56.435464] br-lan: port 4(lan4) entered blocking state
[   56.448756] br-lan: port 4(lan4) entered forwarding state
[  137.076899] br-lan: port 7(phy1-ap0) entered blocking state
[  137.082481] br-lan: port 7(phy1-ap0) entered forwarding state
